2021-03-30T11:00:42.946+0000: [GC pause (G1 Evacuation Pause) (young), 0.0869626 secs]
   [Parallel Time: 50.5 ms, GC Workers: 13]
      [GC Worker Start (ms): Min: 407609826.7, Avg: 407609827.1, Max: 407609827.4, Diff: 0.7]
      [Ext Root Scanning (ms): Min: 1.3, Avg: 2.5, Max: 8.2, Diff: 6.8, Sum: 32.5]
      [Update RS (ms): Min: 2.5, Avg: 7.7, Max: 9.3, Diff: 6.8, Sum: 100.7]
         [Processed Buffers: Min: 14, Avg: 29.4, Max: 42, Diff: 28, Sum: 382]
      [Scan RS (ms): Min: 0.2, Avg: 0.4, Max: 0.7, Diff: 0.5, Sum: 5.0]
      [Code Root Scanning (ms): Min: 0.0, Avg: 0.0, Max: 0.0, Diff: 0.0, Sum: 0.1]
      [Object Copy (ms): Min: 38.4, Avg: 38.8, Max: 39.0, Diff: 0.6, Sum: 504.9]
      [Termination (ms): Min: 0.0, Avg: 0.0, Max: 0.1, Diff: 0.0, Sum: 0.5]
         [Termination Attempts: Min: 30, Avg: 36.6, Max: 44, Diff: 14, Sum: 476]
      [GC Worker Other (ms): Min: 0.0, Avg: 0.2, Max: 0.4, Diff: 0.4, Sum: 2.7]
      [GC Worker Total (ms): Min: 49.3, Avg: 49.7, Max: 50.2, Diff: 0.9, Sum: 646.5]
      [GC Worker End (ms): Min: 407609876.6, Avg: 407609876.8, Max: 407609877.0, Diff: 0.4]
   [Code Root Fixup: 0.0 ms]
   [Code Root Purge: 0.0 ms]
   [Clear CT: 4.0 ms]
   [Other: 32.5 ms]
      [Choose CSet: 0.0 ms]
      [Ref Proc: 26.7 ms]
      [Ref Enq: 1.2 ms]
      [Redirty Cards: 0.5 ms]
      [Humongous Register: 0.3 ms]
      [Humongous Reclaim: 0.1 ms]
      [Free CSet: 2.5 ms]
   [Eden: 57920.0M(57920.0M)->0.0B(57760.0M) Survivors: 192.0M->352.0M Heap: 67619.7M(96864.0M)->9849.5M(96864.0M)]
 [Times: user=0.72 sys=0.00, real=0.09 secs] 
2021-03-30T11:01:51.744+0000: [GC pause (G1 Evacuation Pause) (young), 0.0501583 secs]
   [Parallel Time: 40.7 ms, GC Workers: 13]
      [GC Worker Start (ms): Min: 407678625.0, Avg: 407678625.3, Max: 407678625.6, Diff: 0.6]
      [Ext Root Scanning (ms): Min: 1.0, Avg: 2.1, Max: 7.8, Diff: 6.9, Sum: 27.7]
      [Update RS (ms): Min: 1.1, Avg: 6.4, Max: 7.6, Diff: 6.5, Sum: 83.1]
         [Processed Buffers: Min: 10, Avg: 20.2, Max: 30, Diff: 20, Sum: 262]
      [Scan RS (ms): Min: 0.2, Avg: 0.4, Max: 0.5, Diff: 0.3, Sum: 5.0]
      [Code Root Scanning (ms): Min: 0.0, Avg: 0.0, Max: 0.0, Diff: 0.0, Sum: 0.1]
      [Object Copy (ms): Min: 30.0, Avg: 30.2, Max: 30.9, Diff: 0.9, Sum: 392.6]
      [Termination (ms): Min: 0.0, Avg: 0.7, Max: 0.8, Diff: 0.8, Sum: 8.8]
         [Termination Attempts: Min: 1, Avg: 34.8, Max: 53, Diff: 52, Sum: 453]
      [GC Worker Other (ms): Min: 0.0, Avg: 0.2, Max: 0.3, Diff: 0.3, Sum: 2.1]
      [GC Worker Total (ms): Min: 39.7, Avg: 40.0, Max: 40.4, Diff: 0.7, Sum: 519.4]
      [GC Worker End (ms): Min: 407678665.1, Avg: 407678665.3, Max: 407678665.4, Diff: 0.3]
   [Code Root Fixup: 0.1 ms]
   [Code Root Purge: 0.0 ms]
   [Clear CT: 3.0 ms]
   [Other: 6.4 ms]
      [Choose CSet: 0.0 ms]
      [Ref Proc: 2.2 ms]
      [Ref Enq: 0.0 ms]
      [Redirty Cards: 0.6 ms]
      [Humongous Register: 0.3 ms]
      [Humongous Reclaim: 0.1 ms]
      [Free CSet: 2.3 ms]
   [Eden: 57760.0M(57760.0M)->0.0B(57824.0M) Survivors: 352.0M->288.0M Heap: 67609.5M(96864.0M)->9781.9M(96864.0M)]
 [Times: user=0.53 sys=0.03, real=0.05 secs] 
2021-03-30T11:03:00.934+0000: [GC pause (G1 Evacuation Pause) (young), 0.0508123 secs]
   [Parallel Time: 39.8 ms, GC Workers: 13]
      [GC Worker Start (ms): Min: 407747814.7, Avg: 407747815.0, Max: 407747815.2, Diff: 0.5]
      [Ext Root Scanning (ms): Min: 1.1, Avg: 2.3, Max: 7.8, Diff: 6.6, Sum: 30.5]
      [Update RS (ms): Min: 0.6, Avg: 6.0, Max: 7.1, Diff: 6.5, Sum: 77.9]
         [Processed Buffers: Min: 12, Avg: 20.2, Max: 38, Diff: 26, Sum: 263]
      [Scan RS (ms): Min: 0.3, Avg: 0.4, Max: 0.5, Diff: 0.3, Sum: 5.8]
      [Code Root Scanning (ms): Min: 0.0, Avg: 0.0, Max: 0.0, Diff: 0.0, Sum: 0.2]
      [Object Copy (ms): Min: 29.9, Avg: 30.0, Max: 30.1, Diff: 0.2, Sum: 390.4]
      [Termination (ms): Min: 0.0, Avg: 0.0, Max: 0.0, Diff: 0.0, Sum: 0.0]
         [Termination Attempts: Min: 1, Avg: 1.2, Max: 2, Diff: 1, Sum: 15]
      [GC Worker Other (ms): Min: 0.0, Avg: 0.2, Max: 0.4, Diff: 0.4, Sum: 2.9]
      [GC Worker Total (ms): Min: 38.8, Avg: 39.0, Max: 39.4, Diff: 0.6, Sum: 507.6]
      [GC Worker End (ms): Min: 407747853.8, Avg: 407747854.0, Max: 407747854.2, Diff: 0.4]
   [Code Root Fixup: 0.1 ms]
   [Code Root Purge: 0.0 ms]
   [Clear CT: 3.4 ms]
   [Other: 7.5 ms]
      [Choose CSet: 0.0 ms]
      [Ref Proc: 3.1 ms]
      [Ref Enq: 0.0 ms]
      [Redirty Cards: 0.6 ms]
      [Humongous Register: 0.3 ms]
      [Humongous Reclaim: 0.1 ms]
      [Free CSet: 2.6 ms]
   [Eden: 57824.0M(57824.0M)->0.0B(57824.0M) Survivors: 288.0M->288.0M Heap: 67605.9M(96864.0M)->9780.3M(96864.0M)]
 [Times: user=0.52 sys=0.04, real=0.05 secs] 
2021-03-30T11:04:08.036+0000: [GC pause (G1 Evacuation Pause) (young), 0.0582311 secs]
   [Parallel Time: 42.6 ms, GC Workers: 13]
      [GC Worker Start (ms): Min: 407814916.9, Avg: 407814917.1, Max: 407814917.4, Diff: 0.5]
      [Ext Root Scanning (ms): Min: 1.0, Avg: 2.3, Max: 8.3, Diff: 7.3, Sum: 30.1]
      [Update RS (ms): Min: 0.7, Avg: 5.9, Max: 7.2, Diff: 6.5, Sum: 77.2]
         [Processed Buffers: Min: 3, Avg: 21.2, Max: 42, Diff: 39, Sum: 275]
      [Scan RS (ms): Min: 0.2, Avg: 0.4, Max: 0.5, Diff: 0.4, Sum: 5.1]
      [Code Root Scanning (ms): Min: 0.0, Avg: 0.0, Max: 0.0, Diff: 0.0, Sum: 0.1]
      [Object Copy (ms): Min: 31.1, Avg: 31.4, Max: 32.2, Diff: 1.2, Sum: 408.2]
      [Termination (ms): Min: 0.0, Avg: 0.8, Max: 1.0, Diff: 1.0, Sum: 10.1]
         [Termination Attempts: Min: 1, Avg: 2.1, Max: 4, Diff: 3, Sum: 27]
      [GC Worker Other (ms): Min: 0.0, Avg: 0.2, Max: 0.3, Diff: 0.3, Sum: 2.2]
      [GC Worker Total (ms): Min: 40.7, Avg: 41.0, Max: 41.4, Diff: 0.7, Sum: 533.0]
      [GC Worker End (ms): Min: 407814958.0, Avg: 407814958.1, Max: 407814958.3, Diff: 0.3]
   [Code Root Fixup: 0.1 ms]
   [Code Root Purge: 0.0 ms]
   [Clear CT: 3.5 ms]
   [Other: 12.1 ms]
      [Choose CSet: 0.0 ms]
      [Ref Proc: 6.3 ms]
      [Ref Enq: 0.2 ms]
      [Redirty Cards: 1.7 ms]
      [Humongous Register: 0.4 ms]
      [Humongous Reclaim: 0.1 ms]
      [Free CSet: 2.5 ms]
   [Eden: 57824.0M(57824.0M)->0.0B(57792.0M) Survivors: 288.0M->320.0M Heap: 67604.3M(96864.0M)->9811.9M(96864.0M)]
 [Times: user=0.59 sys=0.00, real=0.06 secs] 
2021-03-30T11:05:11.975+0000: [GC pause (G1 Evacuation Pause) (young), 0.0583822 secs]
   [Parallel Time: 43.9 ms, GC Workers: 13]
      [GC Worker Start (ms): Min: 407878855.5, Avg: 407878855.8, Max: 407878856.0, Diff: 0.4]
      [Ext Root Scanning (ms): Min: 1.2, Avg: 2.4, Max: 9.7, Diff: 8.5, Sum: 31.3]
      [Update RS (ms): Min: 0.0, Avg: 6.9, Max: 9.0, Diff: 9.0, Sum: 89.3]
         [Processed Buffers: Min: 0, Avg: 22.1, Max: 44, Diff: 44, Sum: 287]
      [Scan RS (ms): Min: 0.2, Avg: 0.7, Max: 1.5, Diff: 1.3, Sum: 9.2]
      [Code Root Scanning (ms): Min: 0.0, Avg: 0.0, Max: 0.0, Diff: 0.0, Sum: 0.2]
      [Object Copy (ms): Min: 32.1, Avg: 33.1, Max: 33.3, Diff: 1.1, Sum: 429.9]
      [Termination (ms): Min: 0.0, Avg: 0.0, Max: 0.0, Diff: 0.0, Sum: 0.3]
         [Termination Attempts: Min: 23, Avg: 26.5, Max: 31, Diff: 8, Sum: 345]
      [GC Worker Other (ms): Min: 0.0, Avg: 0.2, Max: 0.4, Diff: 0.3, Sum: 2.4]
      [GC Worker Total (ms): Min: 43.0, Avg: 43.3, Max: 43.7, Diff: 0.7, Sum: 562.6]
      [GC Worker End (ms): Min: 407878898.9, Avg: 407878899.0, Max: 407878899.2, Diff: 0.3]
   [Code Root Fixup: 0.1 ms]
   [Code Root Purge: 0.0 ms]
   [Clear CT: 3.5 ms]
   [Other: 11.0 ms]
      [Choose CSet: 0.0 ms]
      [Ref Proc: 5.9 ms]
      [Ref Enq: 0.3 ms]
      [Redirty Cards: 0.7 ms]
      [Humongous Register: 0.4 ms]
      [Humongous Reclaim: 0.1 ms]
      [Free CSet: 2.8 ms]
   [Eden: 57792.0M(57792.0M)->0.0B(57792.0M) Survivors: 320.0M->320.0M Heap: 67603.9M(96864.0M)->9829.7M(96864.0M)]
 [Times: user=0.57 sys=0.04, real=0.06 secs] 
2021-03-30T11:06:18.282+0000: [GC pause (G1 Evacuation Pause) (young), 0.0537707 secs]
   [Parallel Time: 42.9 ms, GC Workers: 13]
      [GC Worker Start (ms): Min: 407945163.0, Avg: 407945163.3, Max: 407945163.6, Diff: 0.6]
      [Ext Root Scanning (ms): Min: 1.0, Avg: 2.2, Max: 7.8, Diff: 6.8, Sum: 29.0]
      [Update RS (ms): Min: 1.8, Avg: 6.8, Max: 8.0, Diff: 6.2, Sum: 88.9]
         [Processed Buffers: Min: 5, Avg: 22.7, Max: 36, Diff: 31, Sum: 295]
      [Scan RS (ms): Min: 0.2, Avg: 0.4, Max: 0.5, Diff: 0.3, Sum: 5.2]
      [Code Root Scanning (ms): Min: 0.0, Avg: 0.0, Max: 0.1, Diff: 0.1, Sum: 0.1]
      [Object Copy (ms): Min: 32.3, Avg: 32.4, Max: 32.6, Diff: 0.4, Sum: 420.7]
      [Termination (ms): Min: 0.0, Avg: 0.0, Max: 0.0, Diff: 0.0, Sum: 0.0]
         [Termination Attempts: Min: 1, Avg: 1.0, Max: 1, Diff: 0, Sum: 13]
      [GC Worker Other (ms): Min: 0.0, Avg: 0.2, Max: 0.4, Diff: 0.3, Sum: 2.7]
      [GC Worker Total (ms): Min: 41.6, Avg: 42.0, Max: 42.4, Diff: 0.8, Sum: 546.6]
      [GC Worker End (ms): Min: 407945205.2, Avg: 407945205.4, Max: 407945205.6, Diff: 0.3]
   [Code Root Fixup: 0.0 ms]
   [Code Root Purge: 0.0 ms]
   [Clear CT: 3.4 ms]
   [Other: 7.5 ms]
      [Choose CSet: 0.0 ms]
      [Ref Proc: 3.0 ms]
      [Ref Enq: 0.1 ms]
      [Redirty Cards: 0.7 ms]
      [Humongous Register: 0.4 ms]
      [Humongous Reclaim: 0.1 ms]
      [Free CSet: 2.5 ms]
   [Eden: 57792.0M(57792.0M)->0.0B(57824.0M) Survivors: 320.0M->288.0M Heap: 67685.7M(96864.0M)->9850.8M(96864.0M)]
 [Times: user=0.55 sys=0.04, real=0.06 secs] 
2021-03-30T11:07:24.413+0000: [GC pause (G1 Evacuation Pause) (young), 0.0559016 secs]
   [Parallel Time: 45.5 ms, GC Workers: 13]
      [GC Worker Start (ms): Min: 408011293.4, Avg: 408011293.7, Max: 408011294.1, Diff: 0.7]
      [Ext Root Scanning (ms): Min: 1.5, Avg: 2.8, Max: 8.3, Diff: 6.8, Sum: 36.3]
      [Update RS (ms): Min: 0.0, Avg: 4.5, Max: 5.7, Diff: 5.7, Sum: 59.0]
         [Processed Buffers: Min: 0, Avg: 18.8, Max: 46, Diff: 46, Sum: 245]
      [Scan RS (ms): Min: 0.2, Avg: 0.4, Max: 0.6, Diff: 0.4, Sum: 5.0]
      [Code Root Scanning (ms): Min: 0.0, Avg: 0.0, Max: 0.1, Diff: 0.1, Sum: 0.2]
      [Object Copy (ms): Min: 35.1, Avg: 35.6, Max: 36.0, Diff: 0.9, Sum: 462.8]
      [Termination (ms): Min: 0.9, Avg: 1.2, Max: 1.5, Diff: 0.6, Sum: 15.4]
         [Termination Attempts: Min: 906, Avg: 982.7, Max: 1071, Diff: 165, Sum: 12775]
      [GC Worker Other (ms): Min: 0.0, Avg: 0.2, Max: 0.4, Diff: 0.3, Sum: 2.5]
      [GC Worker Total (ms): Min: 44.4, Avg: 44.7, Max: 45.2, Diff: 0.8, Sum: 581.3]
      [GC Worker End (ms): Min: 408011338.3, Avg: 408011338.4, Max: 408011338.6, Diff: 0.3]
   [Code Root Fixup: 0.1 ms]
   [Code Root Purge: 0.0 ms]
   [Clear CT: 3.2 ms]
   [Other: 7.1 ms]
      [Choose CSet: 0.0 ms]
      [Ref Proc: 2.7 ms]
      [Ref Enq: 0.1 ms]
      [Redirty Cards: 0.6 ms]
      [Humongous Register: 0.4 ms]
      [Humongous Reclaim: 0.1 ms]
      [Free CSet: 2.3 ms]
   [Eden: 57824.0M(57824.0M)->0.0B(57824.0M) Survivors: 288.0M->288.0M Heap: 67674.8M(96864.0M)->9872.9M(96864.0M)]
 [Times: user=0.63 sys=0.00, real=0.05 secs] 
2021-03-30T11:08:30.560+0000: [GC pause (G1 Evacuation Pause) (young), 0.0477368 secs]
   [Parallel Time: 37.6 ms, GC Workers: 13]
      [GC Worker Start (ms): Min: 408077440.7, Avg: 408077441.0, Max: 408077441.3, Diff: 0.6]
      [Ext Root Scanning (ms): Min: 1.0, Avg: 2.1, Max: 7.8, Diff: 6.8, Sum: 27.9]
      [Update RS (ms): Min: 2.5, Avg: 7.8, Max: 8.8, Diff: 6.3, Sum: 102.0]
         [Processed Buffers: Min: 15, Avg: 25.2, Max: 48, Diff: 33, Sum: 328]
      [Scan RS (ms): Min: 0.2, Avg: 0.4, Max: 0.5, Diff: 0.3, Sum: 5.5]
      [Code Root Scanning (ms): Min: 0.0, Avg: 0.0, Max: 0.1, Diff: 0.1, Sum: 0.2]
      [Object Copy (ms): Min: 25.9, Avg: 26.0, Max: 26.1, Diff: 0.2, Sum: 338.0]
      [Termination (ms): Min: 0.0, Avg: 0.0, Max: 0.0, Diff: 0.0, Sum: 0.0]
         [Termination Attempts: Min: 1, Avg: 1.9, Max: 3, Diff: 2, Sum: 25]
      [GC Worker Other (ms): Min: 0.0, Avg: 0.2, Max: 0.5, Diff: 0.4, Sum: 3.0]
      [GC Worker Total (ms): Min: 36.4, Avg: 36.7, Max: 36.9, Diff: 0.5, Sum: 476.6]
      [GC Worker End (ms): Min: 408077477.5, Avg: 408077477.7, Max: 408077477.9, Diff: 0.4]
   [Code Root Fixup: 0.1 ms]
   [Code Root Purge: 0.0 ms]
   [Clear CT: 3.3 ms]
   [Other: 6.8 ms]
      [Choose CSet: 0.0 ms]
      [Ref Proc: 2.2 ms]
      [Ref Enq: 0.0 ms]
      [Redirty Cards: 0.7 ms]
      [Humongous Register: 0.4 ms]
      [Humongous Reclaim: 0.1 ms]
      [Free CSet: 2.5 ms]
   [Eden: 57824.0M(57824.0M)->0.0B(57824.0M) Survivors: 288.0M->288.0M Heap: 67696.9M(96864.0M)->9887.6M(96864.0M)]
 [Times: user=0.51 sys=0.02, real=0.05 secs] 
2021-03-30T11:09:37.153+0000: [GC pause (G1 Evacuation Pause) (young), 0.0447232 secs]
   [Parallel Time: 32.8 ms, GC Workers: 13]
      [GC Worker Start (ms): Min: 408144033.5, Avg: 408144033.8, Max: 408144034.1, Diff: 0.6]
      [Ext Root Scanning (ms): Min: 1.1, Avg: 2.4, Max: 8.2, Diff: 7.1, Sum: 30.8]
      [Update RS (ms): Min: 0.0, Avg: 3.9, Max: 5.2, Diff: 5.2, Sum: 51.2]
         [Processed Buffers: Min: 0, Avg: 16.5, Max: 39, Diff: 39, Sum: 215]
      [Scan RS (ms): Min: 0.2, Avg: 0.4, Max: 0.5, Diff: 0.4, Sum: 5.2]
      [Code Root Scanning (ms): Min: 0.0, Avg: 0.0, Max: 0.0, Diff: 0.0, Sum: 0.1]
      [Object Copy (ms): Min: 23.4, Avg: 25.2, Max: 25.6, Diff: 2.1, Sum: 327.5]
      [Termination (ms): Min: 0.0, Avg: 0.0, Max: 0.0, Diff: 0.0, Sum: 0.0]
         [Termination Attempts: Min: 1, Avg: 1.5, Max: 3, Diff: 2, Sum: 19]
      [GC Worker Other (ms): Min: 0.0, Avg: 0.2, Max: 0.5, Diff: 0.4, Sum: 3.0]
      [GC Worker Total (ms): Min: 31.9, Avg: 32.1, Max: 32.6, Diff: 0.7, Sum: 417.8]
      [GC Worker End (ms): Min: 408144065.8, Avg: 408144065.9, Max: 408144066.2, Diff: 0.4]
   [Code Root Fixup: 0.1 ms]
   [Code Root Purge: 0.0 ms]
   [Clear CT: 3.3 ms]
   [Other: 8.5 ms]
      [Choose CSet: 0.0 ms]
      [Ref Proc: 3.6 ms]
      [Ref Enq: 0.1 ms]
      [Redirty Cards: 0.6 ms]
      [Humongous Register: 0.5 ms]
      [Humongous Reclaim: 0.1 ms]
      [Free CSet: 2.5 ms]
   [Eden: 57824.0M(57824.0M)->0.0B(57856.0M) Survivors: 288.0M->256.0M Heap: 67711.6M(96864.0M)->9885.6M(96864.0M)]
 [Times: user=0.47 sys=0.00, real=0.04 secs] 
2021-03-30T11:10:35.442+0000: [GC pause (G1 Evacuation Pause) (young), 0.0660076 secs]
   [Parallel Time: 41.4 ms, GC Workers: 13]
      [GC Worker Start (ms): Min: 408202323.1, Avg: 408202323.4, Max: 408202323.8, Diff: 0.7]
      [Ext Root Scanning (ms): Min: 1.3, Avg: 2.6, Max: 8.7, Diff: 7.4, Sum: 34.0]
      [Update RS (ms): Min: 1.5, Avg: 7.5, Max: 8.8, Diff: 7.3, Sum: 97.5]
         [Processed Buffers: Min: 10, Avg: 28.8, Max: 45, Diff: 35, Sum: 375]
      [Scan RS (ms): Min: 0.2, Avg: 0.3, Max: 0.5, Diff: 0.3, Sum: 4.4]
      [Code Root Scanning (ms): Min: 0.0, Avg: 0.0, Max: 0.0, Diff: 0.0, Sum: 0.1]
      [Object Copy (ms): Min: 29.7, Avg: 29.8, Max: 30.0, Diff: 0.3, Sum: 387.6]
      [Termination (ms): Min: 0.0, Avg: 0.0, Max: 0.0, Diff: 0.0, Sum: 0.0]
         [Termination Attempts: Min: 1, Avg: 1.0, Max: 1, Diff: 0, Sum: 13]
      [GC Worker Other (ms): Min: 0.0, Avg: 0.2, Max: 0.4, Diff: 0.4, Sum: 2.7]
      [GC Worker Total (ms): Min: 40.1, Avg: 40.5, Max: 40.8, Diff: 0.7, Sum: 526.3]
      [GC Worker End (ms): Min: 408202363.8, Avg: 408202363.9, Max: 408202364.2, Diff: 0.4]
   [Code Root Fixup: 0.0 ms]
   [Code Root Purge: 0.0 ms]
   [Clear CT: 3.3 ms]
   [Other: 21.3 ms]
      [Choose CSet: 0.0 ms]
      [Ref Proc: 15.8 ms]
      [Ref Enq: 0.9 ms]
      [Redirty Cards: 0.6 ms]
      [Humongous Register: 0.4 ms]
      [Humongous Reclaim: 0.1 ms]
      [Free CSet: 2.4 ms]
   [Eden: 57856.0M(57856.0M)->0.0B(57696.0M) Survivors: 256.0M->416.0M Heap: 67805.6M(96864.0M)->10132.1M(96864.0M)]
 [Times: user=0.55 sys=0.04, real=0.07 secs] 
2021-03-30T11:11:37.017+0000: [GC pause (G1 Evacuation Pause) (young), 0.0581142 secs]
   [Parallel Time: 40.2 ms, GC Workers: 13]
      [GC Worker Start (ms): Min: 408263897.4, Avg: 408263897.7, Max: 408263897.9, Diff: 0.5]
      [Ext Root Scanning (ms): Min: 0.9, Avg: 2.2, Max: 8.4, Diff: 7.5, Sum: 28.9]
      [Update RS (ms): Min: 1.4, Avg: 7.5, Max: 9.2, Diff: 7.8, Sum: 97.8]
         [Processed Buffers: Min: 3, Avg: 26.9, Max: 50, Diff: 47, Sum: 350]
      [Scan RS (ms): Min: 0.2, Avg: 0.5, Max: 0.6, Diff: 0.4, Sum: 5.9]
      [Code Root Scanning (ms): Min: 0.0, Avg: 0.0, Max: 0.1, Diff: 0.1, Sum: 0.2]
      [Object Copy (ms): Min: 28.9, Avg: 29.3, Max: 29.6, Diff: 0.6, Sum: 381.4]
      [Termination (ms): Min: 0.0, Avg: 0.0, Max: 0.0, Diff: 0.0, Sum: 0.0]
         [Termination Attempts: Min: 1, Avg: 1.1, Max: 2, Diff: 1, Sum: 14]
      [GC Worker Other (ms): Min: 0.0, Avg: 0.2, Max: 0.3, Diff: 0.3, Sum: 2.3]
      [GC Worker Total (ms): Min: 39.4, Avg: 39.7, Max: 40.0, Diff: 0.6, Sum: 516.4]
      [GC Worker End (ms): Min: 408263937.3, Avg: 408263937.4, Max: 408263937.6, Diff: 0.3]
   [Code Root Fixup: 0.0 ms]
   [Code Root Purge: 0.0 ms]
   [Clear CT: 3.7 ms]
   [Other: 14.1 ms]
      [Choose CSet: 0.0 ms]
      [Ref Proc: 8.9 ms]
      [Ref Enq: 0.5 ms]
      [Redirty Cards: 0.8 ms]
      [Humongous Register: 0.4 ms]
      [Humongous Reclaim: 0.1 ms]
      [Free CSet: 2.5 ms]
   [Eden: 57696.0M(57696.0M)->0.0B(57792.0M) Survivors: 416.0M->320.0M Heap: 67892.1M(96864.0M)->10106.5M(96864.0M)]
 [Times: user=0.53 sys=0.04, real=0.06 secs] 
CREATING JIRA TICKET!
... checkpoint A
CREATING JIRA TICKET!
... checkpoint A
... checkpoint B
... checkpoint C
... checkpoint D
... checkpoint E
... checkpoint F
... checkpoint G
JIRA TICKET CREATED:https://itsec.statoil.net:8443/browse/SOC-64849
CREATING JIRA TICKET!
... checkpoint A
... checkpoint B
... checkpoint C
... checkpoint D
... checkpoint E
... checkpoint F
... checkpoint G
JIRA TICKET CREATED:https://itsec.statoil.net:8443/browse/SOC-64850
CREATING JIRA TICKET!
... checkpoint A
2021-03-30T11:12:41.166+0000: [GC pause (G1 Evacuation Pause) (young), 0.0522752 secs]
   [Parallel Time: 39.9 ms, GC Workers: 13]
      [GC Worker Start (ms): Min: 408328046.3, Avg: 408328046.6, Max: 408328046.9, Diff: 0.7]
      [Ext Root Scanning (ms): Min: 1.2, Avg: 2.5, Max: 9.5, Diff: 8.4, Sum: 32.9]
      [Update RS (ms): Min: 0.0, Avg: 4.6, Max: 5.8, Diff: 5.8, Sum: 60.0]
         [Processed Buffers: Min: 0, Avg: 18.2, Max: 47, Diff: 47, Sum: 236]
      [Scan RS (ms): Min: 0.2, Avg: 0.4, Max: 0.5, Diff: 0.3, Sum: 4.8]
      [Code Root Scanning (ms): Min: 0.0, Avg: 0.0, Max: 0.1, Diff: 0.1, Sum: 0.1]
      [Object Copy (ms): Min: 29.2, Avg: 31.3, Max: 31.7, Diff: 2.5, Sum: 406.9]
      [Termination (ms): Min: 0.0, Avg: 0.0, Max: 0.0, Diff: 0.0, Sum: 0.0]
         [Termination Attempts: Min: 1, Avg: 3.7, Max: 7, Diff: 6, Sum: 48]
      [GC Worker Other (ms): Min: 0.1, Avg: 0.2, Max: 0.4, Diff: 0.4, Sum: 3.0]
      [GC Worker Total (ms): Min: 38.6, Avg: 39.1, Max: 39.4, Diff: 0.8, Sum: 507.8]
      [GC Worker End (ms): Min: 408328085.5, Avg: 408328085.7, Max: 408328085.8, Diff: 0.4]
   [Code Root Fixup: 0.0 ms]
   [Code Root Purge: 0.0 ms]
   [Clear CT: 3.7 ms]
   [Other: 8.7 ms]
      [Choose CSet: 0.0 ms]
      [Ref Proc: 3.4 ms]
      [Ref Enq: 0.1 ms]
      [Redirty Cards: 0.8 ms]
      [Humongous Register: 0.4 ms]
      [Humongous Reclaim: 0.1 ms]
      [Free CSet: 2.9 ms]
   [Eden: 57792.0M(57792.0M)->0.0B(57856.0M) Survivors: 320.0M->256.0M Heap: 67898.5M(96864.0M)->10061.3M(96864.0M)]
 [Times: user=0.52 sys=0.04, real=0.05 secs] 
2021-03-30T11:13:45.618+0000: [GC pause (G1 Evacuation Pause) (young), 0.0592209 secs]
   [Parallel Time: 38.1 ms, GC Workers: 13]
      [GC Worker Start (ms): Min: 408392499.1, Avg: 408392499.5, Max: 408392499.8, Diff: 0.7]
      [Ext Root Scanning (ms): Min: 1.1, Avg: 2.4, Max: 9.4, Diff: 8.3, Sum: 31.4]
      [Update RS (ms): Min: 0.0, Avg: 4.2, Max: 5.3, Diff: 5.3, Sum: 54.2]
         [Processed Buffers: Min: 0, Avg: 17.1, Max: 32, Diff: 32, Sum: 222]
      [Scan RS (ms): Min: 0.2, Avg: 0.4, Max: 0.5, Diff: 0.3, Sum: 4.9]
      [Code Root Scanning (ms): Min: 0.0, Avg: 0.0, Max: 0.1, Diff: 0.1, Sum: 0.2]
      [Object Copy (ms): Min: 27.7, Avg: 30.1, Max: 30.4, Diff: 2.7, Sum: 391.2]
      [Termination (ms): Min: 0.0, Avg: 0.0, Max: 0.0, Diff: 0.0, Sum: 0.0]
         [Termination Attempts: Min: 1, Avg: 1.0, Max: 1, Diff: 0, Sum: 13]
      [GC Worker Other (ms): Min: 0.0, Avg: 0.2, Max: 0.4, Diff: 0.4, Sum: 2.9]
      [GC Worker Total (ms): Min: 36.9, Avg: 37.3, Max: 37.6, Diff: 0.7, Sum: 484.7]
      [GC Worker End (ms): Min: 408392536.6, Avg: 408392536.7, Max: 408392536.9, Diff: 0.4]
   [Code Root Fixup: 0.0 ms]
   [Code Root Purge: 0.0 ms]
   [Clear CT: 4.3 ms]
   [Other: 16.8 ms]
      [Choose CSet: 0.0 ms]
      [Ref Proc: 2.9 ms]
      [Ref Enq: 0.1 ms]
      [Redirty Cards: 9.8 ms]
      [Humongous Register: 0.5 ms]
      [Humongous Reclaim: 0.1 ms]
      [Free CSet: 2.4 ms]
   [Eden: 57856.0M(57856.0M)->0.0B(57792.0M) Survivors: 256.0M->320.0M Heap: 67917.3M(96864.0M)->10112.6M(96864.0M)]
 [Times: user=0.49 sys=0.04, real=0.06 secs] 
2021-03-30T11:14:51.011+0000: [GC pause (G1 Evacuation Pause) (young), 0.0485978 secs]
   [Parallel Time: 38.4 ms, GC Workers: 13]
      [GC Worker Start (ms): Min: 408457891.7, Avg: 408457892.1, Max: 408457892.4, Diff: 0.6]
      [Ext Root Scanning (ms): Min: 0.9, Avg: 2.4, Max: 9.7, Diff: 8.7, Sum: 31.8]
      [Update RS (ms): Min: 0.0, Avg: 4.3, Max: 5.3, Diff: 5.3, Sum: 55.9]
         [Processed Buffers: Min: 0, Avg: 15.6, Max: 31, Diff: 31, Sum: 203]
      [Scan RS (ms): Min: 0.2, Avg: 0.4, Max: 0.5, Diff: 0.3, Sum: 4.9]
      [Code Root Scanning (ms): Min: 0.0, Avg: 0.0, Max: 0.1, Diff: 0.1, Sum: 0.1]
      [Object Copy (ms): Min: 27.0, Avg: 30.0, Max: 30.5, Diff: 3.5, Sum: 390.2]
      [Termination (ms): Min: 0.0, Avg: 0.0, Max: 0.0, Diff: 0.0, Sum: 0.0]
         [Termination Attempts: Min: 1, Avg: 4.8, Max: 8, Diff: 7, Sum: 63]
      [GC Worker Other (ms): Min: 0.1, Avg: 0.2, Max: 0.4, Diff: 0.3, Sum: 2.9]
      [GC Worker Total (ms): Min: 36.9, Avg: 37.4, Max: 37.7, Diff: 0.9, Sum: 485.8]
      [GC Worker End (ms): Min: 408457929.3, Avg: 408457929.4, Max: 408457929.6, Diff: 0.4]
   [Code Root Fixup: 0.0 ms]
   [Code Root Purge: 0.0 ms]
   [Clear CT: 3.5 ms]
   [Other: 6.7 ms]
      [Choose CSet: 0.0 ms]
      [Ref Proc: 1.8 ms]
      [Ref Enq: 0.0 ms]
      [Redirty Cards: 0.6 ms]
      [Humongous Register: 0.4 ms]
      [Humongous Reclaim: 0.1 ms]
      [Free CSet: 2.7 ms]
   [Eden: 57792.0M(57792.0M)->0.0B(57856.0M) Survivors: 320.0M->256.0M Heap: 67904.6M(96864.0M)->10066.4M(96864.0M)]
 [Times: user=0.50 sys=0.03, real=0.05 secs] 
2021-03-30T11:15:45.524+0000: [GC pause (G1 Evacuation Pause) (young), 0.0775476 secs]
   [Parallel Time: 48.9 ms, GC Workers: 13]
      [GC Worker Start (ms): Min: 408512405.2, Avg: 408512405.5, Max: 408512405.9, Diff: 0.7]
      [Ext Root Scanning (ms): Min: 1.2, Avg: 2.8, Max: 10.6, Diff: 9.4, Sum: 36.4]
      [Update RS (ms): Min: 0.0, Avg: 5.9, Max: 7.3, Diff: 7.3, Sum: 77.0]
         [Processed Buffers: Min: 0, Avg: 26.1, Max: 43, Diff: 43, Sum: 339]
      [Scan RS (ms): Min: 0.2, Avg: 0.4, Max: 0.5, Diff: 0.3, Sum: 5.0]
      [Code Root Scanning (ms): Min: 0.0, Avg: 0.0, Max: 0.0, Diff: 0.0, Sum: 0.2]
      [Object Copy (ms): Min: 36.1, Avg: 37.7, Max: 38.3, Diff: 2.2, Sum: 490.1]
      [Termination (ms): Min: 0.0, Avg: 0.0, Max: 0.0, Diff: 0.0, Sum: 0.1]
         [Termination Attempts: Min: 1, Avg: 1.0, Max: 1, Diff: 0, Sum: 13]
      [GC Worker Other (ms): Min: 0.0, Avg: 0.4, Max: 0.9, Diff: 0.9, Sum: 5.4]
      [GC Worker Total (ms): Min: 46.5, Avg: 47.3, Max: 47.7, Diff: 1.2, Sum: 614.3]
      [GC Worker End (ms): Min: 408512452.4, Avg: 408512452.8, Max: 408512453.3, Diff: 0.9]
   [Code Root Fixup: 0.1 ms]
   [Code Root Purge: 0.0 ms]
   [Clear CT: 3.8 ms]
   [Other: 24.8 ms]
      [Choose CSet: 0.0 ms]
      [Ref Proc: 19.2 ms]
      [Ref Enq: 1.0 ms]
      [Redirty Cards: 0.8 ms]
      [Humongous Register: 0.4 ms]
      [Humongous Reclaim: 0.1 ms]
      [Free CSet: 2.4 ms]
   [Eden: 57856.0M(57856.0M)->0.0B(57632.0M) Survivors: 256.0M->480.0M Heap: 67922.4M(96864.0M)->10279.7M(96864.0M)]
 [Times: user=0.69 sys=0.00, real=0.07 secs] 
2021-03-30T11:16:51.599+0000: [GC pause (G1 Evacuation Pause) (young), 0.0647741 secs]
   [Parallel Time: 45.2 ms, GC Workers: 13]
      [GC Worker Start (ms): Min: 408578479.3, Avg: 408578479.8, Max: 408578480.2, Diff: 0.9]
      [Ext Root Scanning (ms): Min: 1.0, Avg: 2.7, Max: 13.0, Diff: 12.0, Sum: 35.5]
      [Update RS (ms): Min: 0.0, Avg: 5.6, Max: 6.9, Diff: 6.9, Sum: 72.3]
         [Processed Buffers: Min: 0, Avg: 18.3, Max: 38, Diff: 38, Sum: 238]
      [Scan RS (ms): Min: 0.2, Avg: 0.4, Max: 0.5, Diff: 0.3, Sum: 5.0]
      [Code Root Scanning (ms): Min: 0.0, Avg: 0.0, Max: 0.1, Diff: 0.1, Sum: 0.2]
      [Object Copy (ms): Min: 30.9, Avg: 35.4, Max: 35.9, Diff: 5.0, Sum: 459.7]
      [Termination (ms): Min: 0.0, Avg: 0.0, Max: 0.0, Diff: 0.0, Sum: 0.0]
         [Termination Attempts: Min: 1, Avg: 1.5, Max: 2, Diff: 1, Sum: 19]
      [GC Worker Other (ms): Min: 0.0, Avg: 0.2, Max: 0.5, Diff: 0.5, Sum: 3.2]
      [GC Worker Total (ms): Min: 43.9, Avg: 44.3, Max: 44.8, Diff: 0.9, Sum: 576.0]
      [GC Worker End (ms): Min: 408578523.9, Avg: 408578524.1, Max: 408578524.3, Diff: 0.4]
   [Code Root Fixup: 0.1 ms]
   [Code Root Purge: 0.0 ms]
   [Clear CT: 11.2 ms]
   [Other: 8.3 ms]
      [Choose CSet: 0.0 ms]
      [Ref Proc: 3.5 ms]
      [Ref Enq: 0.1 ms]
      [Redirty Cards: 0.7 ms]
      [Humongous Register: 0.4 ms]
      [Humongous Reclaim: 0.1 ms]
      [Free CSet: 2.7 ms]
   [Eden: 57632.0M(57632.0M)->0.0B(57824.0M) Survivors: 480.0M->288.0M Heap: 67911.7M(96864.0M)->10130.6M(96864.0M)]
 [Times: user=0.61 sys=0.04, real=0.07 secs] 
2021-03-30T11:17:21.977+0000: [Full GC (System.gc())  36709M->9758M(96864M), 17.7077302 secs]
   [Eden: 26592.0M(57824.0M)->0.0B(58112.0M) Survivors: 288.0M->0.0B Heap: 36709.8M(96864.0M)->9758.4M(96864.0M)], [Metaspace: 281788K->280515K(311296K)]
 [Times: user=22.30 sys=0.00, real=17.71 secs] 
2021-03-30T11:18:44.952+0000: [GC pause (G1 Evacuation Pause) (young), 0.0246879 secs]
   [Parallel Time: 13.0 ms, GC Workers: 13]
      [GC Worker Start (ms): Min: 408691832.7, Avg: 408691832.9, Max: 408691833.2, Diff: 0.5]
      [Ext Root Scanning (ms): Min: 0.9, Avg: 1.8, Max: 7.4, Diff: 6.4, Sum: 23.1]
      [Update RS (ms): Min: 0.0, Avg: 3.0, Max: 3.5, Diff: 3.5, Sum: 38.9]
         [Processed Buffers: Min: 0, Avg: 33.6, Max: 61, Diff: 61, Sum: 437]
      [Scan RS (ms): Min: 0.2, Avg: 0.4, Max: 0.5, Diff: 0.3, Sum: 4.6]
      [Code Root Scanning (ms): Min: 0.0, Avg: 0.0, Max: 0.0, Diff: 0.0, Sum: 0.1]
      [Object Copy (ms): Min: 4.8, Avg: 7.0, Max: 7.2, Diff: 2.4, Sum: 90.8]
      [Termination (ms): Min: 0.0, Avg: 0.0, Max: 0.0, Diff: 0.0, Sum: 0.0]
         [Termination Attempts: Min: 1, Avg: 1.0, Max: 1, Diff: 0, Sum: 13]
      [GC Worker Other (ms): Min: 0.1, Avg: 0.2, Max: 0.4, Diff: 0.4, Sum: 2.8]
      [GC Worker Total (ms): Min: 12.0, Avg: 12.3, Max: 12.7, Diff: 0.8, Sum: 160.3]
      [GC Worker End (ms): Min: 408691845.1, Avg: 408691845.3, Max: 408691845.5, Diff: 0.4]
   [Code Root Fixup: 0.0 ms]
   [Code Root Purge: 0.0 ms]
   [Clear CT: 3.8 ms]
   [Other: 7.8 ms]
      [Choose CSet: 0.0 ms]
      [Ref Proc: 2.2 ms]
      [Ref Enq: 0.0 ms]
      [Redirty Cards: 1.4 ms]
      [Humongous Register: 0.3 ms]
      [Humongous Reclaim: 0.1 ms]
      [Free CSet: 2.8 ms]
   [Eden: 58112.0M(58112.0M)->0.0B(57888.0M) Survivors: 0.0B->224.0M Heap: 67934.4M(96864.0M)->10044.0M(96864.0M)]
 [Times: user=0.21 sys=0.00, real=0.02 secs] 
2021-03-30T11:19:48.737+0000: [GC pause (G1 Evacuation Pause) (young), 0.0383754 secs]
   [Parallel Time: 21.9 ms, GC Workers: 13]
      [GC Worker Start (ms): Min: 408755618.1, Avg: 408755618.5, Max: 408755618.7, Diff: 0.6]
      [Ext Root Scanning (ms): Min: 1.1, Avg: 2.0, Max: 7.4, Diff: 6.3, Sum: 25.7]
      [Update RS (ms): Min: 0.0, Avg: 4.0, Max: 4.8, Diff: 4.8, Sum: 52.5]
         [Processed Buffers: Min: 0, Avg: 20.5, Max: 51, Diff: 51, Sum: 267]
      [Scan RS (ms): Min: 0.2, Avg: 0.3, Max: 0.5, Diff: 0.3, Sum: 4.5]
      [Code Root Scanning (ms): Min: 0.0, Avg: 0.0, Max: 0.0, Diff: 0.0, Sum: 0.1]
      [Object Copy (ms): Min: 13.7, Avg: 14.5, Max: 14.7, Diff: 1.1, Sum: 189.1]
      [Termination (ms): Min: 0.0, Avg: 0.0, Max: 0.0, Diff: 0.0, Sum: 0.0]
         [Termination Attempts: Min: 1, Avg: 1.0, Max: 1, Diff: 0, Sum: 13]
      [GC Worker Other (ms): Min: 0.0, Avg: 0.2, Max: 0.4, Diff: 0.4, Sum: 2.8]
      [GC Worker Total (ms): Min: 20.7, Avg: 21.1, Max: 21.5, Diff: 0.8, Sum: 274.8]
      [GC Worker End (ms): Min: 408755639.4, Avg: 408755639.6, Max: 408755639.8, Diff: 0.4]
   [Code Root Fixup: 0.1 ms]
   [Code Root Purge: 0.0 ms]
   [Clear CT: 3.5 ms]
   [Other: 12.8 ms]
      [Choose CSet: 0.0 ms]
      [Ref Proc: 6.8 ms]
      [Ref Enq: 0.5 ms]
      [Redirty Cards: 1.0 ms]
      [Humongous Register: 0.4 ms]
      [Humongous Reclaim: 0.1 ms]
      [Free CSet: 3.1 ms]
   [Eden: 57888.0M(57888.0M)->0.0B(57984.0M) Survivors: 224.0M->128.0M Heap: 67932.0M(96864.0M)->9947.0M(96864.0M)]
 [Times: user=0.30 sys=0.03, real=0.04 secs] 
2021-03-30T11:20:49.099+0000: [GC pause (G1 Evacuation Pause) (young), 0.0561897 secs]
   [Parallel Time: 31.8 ms, GC Workers: 13]
      [GC Worker Start (ms): Min: 408815979.4, Avg: 408815979.7, Max: 408815980.0, Diff: 0.6]
      [Ext Root Scanning (ms): Min: 1.0, Avg: 2.1, Max: 8.1, Diff: 7.1, Sum: 27.8]
      [Update RS (ms): Min: 0.2, Avg: 5.7, Max: 6.9, Diff: 6.7, Sum: 74.7]
         [Processed Buffers: Min: 2, Avg: 23.2, Max: 42, Diff: 40, Sum: 302]
      [Scan RS (ms): Min: 0.3, Avg: 0.4, Max: 0.4, Diff: 0.1, Sum: 5.0]
      [Code Root Scanning (ms): Min: 0.0, Avg: 0.0, Max: 0.0, Diff: 0.0, Sum: 0.1]
      [Object Copy (ms): Min: 22.1, Avg: 22.4, Max: 22.5, Diff: 0.4, Sum: 291.1]
      [Termination (ms): Min: 0.0, Avg: 0.0, Max: 0.0, Diff: 0.0, Sum: 0.0]
         [Termination Attempts: Min: 1, Avg: 1.5, Max: 3, Diff: 2, Sum: 19]
      [GC Worker Other (ms): Min: 0.0, Avg: 0.2, Max: 0.4, Diff: 0.4, Sum: 2.7]
      [GC Worker Total (ms): Min: 30.5, Avg: 30.9, Max: 31.3, Diff: 0.7, Sum: 401.5]
      [GC Worker End (ms): Min: 408816010.4, Avg: 408816010.6, Max: 408816010.8, Diff: 0.4]
   [Code Root Fixup: 0.0 ms]
   [Code Root Purge: 0.0 ms]
   [Clear CT: 3.9 ms]
   [Other: 20.5 ms]
      [Choose CSet: 0.0 ms]
      [Ref Proc: 14.8 ms]
      [Ref Enq: 0.8 ms]
      [Redirty Cards: 0.9 ms]
      [Humongous Register: 0.4 ms]
      [Humongous Reclaim: 0.1 ms]
      [Free CSet: 2.5 ms]
   [Eden: 57984.0M(57984.0M)->0.0B(57888.0M) Survivors: 128.0M->224.0M Heap: 67995.0M(96864.0M)->10095.5M(96864.0M)]
 [Times: user=0.44 sys=0.03, real=0.06 secs] 
2021-03-30T11:21:56.939+0000: [GC pause (G1 Evacuation Pause) (young), 0.0445044 secs]
   [Parallel Time: 34.2 ms, GC Workers: 13]
      [GC Worker Start (ms): Min: 408883819.1, Avg: 408883819.4, Max: 408883819.8, Diff: 0.7]
      [Ext Root Scanning (ms): Min: 1.1, Avg: 2.1, Max: 8.1, Diff: 7.0, Sum: 27.7]
      [Update RS (ms): Min: 0.0, Avg: 4.8, Max: 5.7, Diff: 5.7, Sum: 62.0]
         [Processed Buffers: Min: 0, Avg: 17.8, Max: 46, Diff: 46, Sum: 231]
      [Scan RS (ms): Min: 0.2, Avg: 0.4, Max: 0.5, Diff: 0.2, Sum: 5.0]
      [Code Root Scanning (ms): Min: 0.0, Avg: 0.0, Max: 0.0, Diff: 0.0, Sum: 0.1]
      [Object Copy (ms): Min: 24.8, Avg: 25.4, Max: 25.6, Diff: 0.8, Sum: 330.6]
      [Termination (ms): Min: 0.4, Avg: 0.4, Max: 0.6, Diff: 0.2, Sum: 5.6]
         [Termination Attempts: Min: 345, Avg: 381.0, Max: 416, Diff: 71, Sum: 4953]
      [GC Worker Other (ms): Min: 0.0, Avg: 0.2, Max: 0.4, Diff: 0.4, Sum: 2.6]
      [GC Worker Total (ms): Min: 32.9, Avg: 33.4, Max: 33.7, Diff: 0.8, Sum: 433.8]
      [GC Worker End (ms): Min: 408883852.6, Avg: 408883852.8, Max: 408883853.0, Diff: 0.4]
   [Code Root Fixup: 0.0 ms]
   [Code Root Purge: 0.0 ms]
   [Clear CT: 3.6 ms]
   [Other: 6.7 ms]
      [Choose CSet: 0.0 ms]
      [Ref Proc: 2.0 ms]
      [Ref Enq: 0.0 ms]
      [Redirty Cards: 1.0 ms]
      [Humongous Register: 0.3 ms]
      [Humongous Reclaim: 0.1 ms]
      [Free CSet: 2.4 ms]
   [Eden: 57888.0M(57888.0M)->0.0B(57920.0M) Survivors: 224.0M->192.0M Heap: 67983.5M(96864.0M)->10065.7M(96864.0M)]
 [Times: user=0.44 sys=0.04, real=0.04 secs] 
2021-03-30T11:23:05.964+0000: [GC pause (G1 Evacuation Pause) (young), 0.0393932 secs]
   [Parallel Time: 27.5 ms, GC Workers: 13]
      [GC Worker Start (ms): Min: 408952845.1, Avg: 408952845.5, Max: 408952845.8, Diff: 0.7]
      [Ext Root Scanning (ms): Min: 0.9, Avg: 2.0, Max: 7.6, Diff: 6.6, Sum: 26.2]
      [Update RS (ms): Min: 0.0, Avg: 4.0, Max: 5.1, Diff: 5.1, Sum: 52.6]
         [Processed Buffers: Min: 0, Avg: 18.2, Max: 39, Diff: 39, Sum: 236]
      [Scan RS (ms): Min: 0.2, Avg: 0.4, Max: 0.5, Diff: 0.4, Sum: 5.1]
      [Code Root Scanning (ms): Min: 0.0, Avg: 0.0, Max: 0.0, Diff: 0.0, Sum: 0.1]
      [Object Copy (ms): Min: 18.9, Avg: 19.8, Max: 20.0, Diff: 1.1, Sum: 257.1]
      [Termination (ms): Min: 0.0, Avg: 0.0, Max: 0.0, Diff: 0.0, Sum: 0.0]
         [Termination Attempts: Min: 1, Avg: 1.0, Max: 1, Diff: 0, Sum: 13]
      [GC Worker Other (ms): Min: 0.0, Avg: 0.2, Max: 0.5, Diff: 0.4, Sum: 2.9]
      [GC Worker Total (ms): Min: 26.0, Avg: 26.5, Max: 27.0, Diff: 0.9, Sum: 344.0]
      [GC Worker End (ms): Min: 408952871.8, Avg: 408952871.9, Max: 408952872.2, Diff: 0.4]
   [Code Root Fixup: 0.1 ms]
   [Code Root Purge: 0.0 ms]
   [Clear CT: 3.8 ms]
   [Other: 8.0 ms]
      [Choose CSet: 0.0 ms]
      [Ref Proc: 3.1 ms]
      [Ref Enq: 0.1 ms]
      [Redirty Cards: 0.9 ms]
      [Humongous Register: 0.5 ms]
      [Humongous Reclaim: 0.1 ms]
      [Free CSet: 2.4 ms]
   [Eden: 57920.0M(57920.0M)->0.0B(57920.0M) Survivors: 192.0M->192.0M Heap: 67985.7M(96864.0M)->10071.7M(96864.0M)]
 [Times: user=0.40 sys=0.00, real=0.04 secs] 
2021-03-30T11:24:13.214+0000: [GC pause (G1 Evacuation Pause) (young), 0.0428265 secs]
   [Parallel Time: 29.6 ms, GC Workers: 13]
      [GC Worker Start (ms): Min: 409020094.5, Avg: 409020094.8, Max: 409020095.1, Diff: 0.5]
      [Ext Root Scanning (ms): Min: 1.0, Avg: 2.1, Max: 7.6, Diff: 6.6, Sum: 26.7]
      [Update RS (ms): Min: 0.0, Avg: 4.0, Max: 4.9, Diff: 4.9, Sum: 51.9]
         [Processed Buffers: Min: 0, Avg: 19.6, Max: 38, Diff: 38, Sum: 255]
      [Scan RS (ms): Min: 0.2, Avg: 0.4, Max: 0.5, Diff: 0.4, Sum: 5.3]
      [Code Root Scanning (ms): Min: 0.0, Avg: 0.0, Max: 0.0, Diff: 0.0, Sum: 0.2]
      [Object Copy (ms): Min: 21.0, Avg: 22.0, Max: 22.2, Diff: 1.2, Sum: 286.0]
      [Termination (ms): Min: 0.1, Avg: 0.2, Max: 0.3, Diff: 0.2, Sum: 2.3]
         [Termination Attempts: Min: 120, Avg: 136.8, Max: 153, Diff: 33, Sum: 1778]
      [GC Worker Other (ms): Min: 0.1, Avg: 0.2, Max: 0.4, Diff: 0.4, Sum: 3.1]
      [GC Worker Total (ms): Min: 28.5, Avg: 28.9, Max: 29.3, Diff: 0.7, Sum: 375.4]
      [GC Worker End (ms): Min: 409020123.5, Avg: 409020123.7, Max: 409020123.9, Diff: 0.4]
   [Code Root Fixup: 0.1 ms]
   [Code Root Purge: 0.0 ms]
   [Clear CT: 3.9 ms]
   [Other: 9.2 ms]
      [Choose CSet: 0.0 ms]
      [Ref Proc: 3.6 ms]
      [Ref Enq: 0.1 ms]
      [Redirty Cards: 1.5 ms]
      [Humongous Register: 0.4 ms]
      [Humongous Reclaim: 0.1 ms]
      [Free CSet: 2.6 ms]
   [Eden: 57920.0M(57920.0M)->0.0B(57920.0M) Survivors: 192.0M->192.0M Heap: 67991.7M(96864.0M)->10072.0M(96864.0M)]
 [Times: user=0.40 sys=0.03, real=0.04 secs] 
2021-03-30T11:25:20.791+0000: [GC pause (G1 Evacuation Pause) (young), 0.0390792 secs]
   [Parallel Time: 29.0 ms, GC Workers: 13]
      [GC Worker Start (ms): Min: 409087672.3, Avg: 409087672.6, Max: 409087672.9, Diff: 0.6]
      [Ext Root Scanning (ms): Min: 1.0, Avg: 2.0, Max: 7.3, Diff: 6.3, Sum: 25.4]
      [Update RS (ms): Min: 0.0, Avg: 3.9, Max: 4.7, Diff: 4.7, Sum: 50.4]
         [Processed Buffers: Min: 0, Avg: 18.2, Max: 33, Diff: 33, Sum: 236]
      [Scan RS (ms): Min: 0.2, Avg: 0.4, Max: 0.5, Diff: 0.3, Sum: 4.9]
      [Code Root Scanning (ms): Min: 0.0, Avg: 0.0, Max: 0.0, Diff: 0.0, Sum: 0.1]
      [Object Copy (ms): Min: 20.7, Avg: 21.6, Max: 21.8, Diff: 1.1, Sum: 281.2]
      [Termination (ms): Min: 0.0, Avg: 0.0, Max: 0.0, Diff: 0.0, Sum: 0.1]
         [Termination Attempts: Min: 1, Avg: 12.7, Max: 19, Diff: 18, Sum: 165]
      [GC Worker Other (ms): Min: 0.0, Avg: 0.2, Max: 0.4, Diff: 0.4, Sum: 3.0]
      [GC Worker Total (ms): Min: 27.8, Avg: 28.1, Max: 28.6, Diff: 0.8, Sum: 365.2]
      [GC Worker End (ms): Min: 409087700.6, Avg: 409087700.7, Max: 409087700.9, Diff: 0.4]
   [Code Root Fixup: 0.1 ms]
   [Code Root Purge: 0.0 ms]
   [Clear CT: 3.3 ms]
   [Other: 6.8 ms]
      [Choose CSet: 0.0 ms]
      [Ref Proc: 2.2 ms]
      [Ref Enq: 0.0 ms]
      [Redirty Cards: 0.7 ms]
      [Humongous Register: 0.4 ms]
      [Humongous Reclaim: 0.1 ms]
      [Free CSet: 2.4 ms]
   [Eden: 57920.0M(57920.0M)->0.0B(57920.0M) Survivors: 192.0M->192.0M Heap: 67992.0M(96864.0M)->10072.2M(96864.0M)]
 [Times: user=0.39 sys=0.03, real=0.04 secs] 
2021-03-30T11:26:28.760+0000: [GC pause (G1 Evacuation Pause) (young), 0.0430501 secs]
   [Parallel Time: 30.9 ms, GC Workers: 13]
      [GC Worker Start (ms): Min: 409155640.6, Avg: 409155641.0, Max: 409155641.3, Diff: 0.7]
      [Ext Root Scanning (ms): Min: 0.9, Avg: 1.9, Max: 6.7, Diff: 5.8, Sum: 24.6]
      [Update RS (ms): Min: 0.0, Avg: 4.3, Max: 5.3, Diff: 5.3, Sum: 56.0]
         [Processed Buffers: Min: 0, Avg: 18.8, Max: 31, Diff: 31, Sum: 244]
      [Scan RS (ms): Min: 0.2, Avg: 0.4, Max: 0.5, Diff: 0.4, Sum: 5.2]
      [Code Root Scanning (ms): Min: 0.0, Avg: 0.0, Max: 0.0, Diff: 0.0, Sum: 0.1]
      [Object Copy (ms): Min: 23.0, Avg: 23.1, Max: 23.1, Diff: 0.2, Sum: 299.7]
      [Termination (ms): Min: 0.0, Avg: 0.0, Max: 0.0, Diff: 0.0, Sum: 0.0]
         [Termination Attempts: Min: 1, Avg: 1.1, Max: 2, Diff: 1, Sum: 14]
      [GC Worker Other (ms): Min: 0.0, Avg: 0.2, Max: 0.4, Diff: 0.4, Sum: 3.0]
      [GC Worker Total (ms): Min: 29.5, Avg: 29.9, Max: 30.5, Diff: 1.0, Sum: 388.8]
      [GC Worker End (ms): Min: 409155670.7, Avg: 409155670.9, Max: 409155671.1, Diff: 0.4]
   [Code Root Fixup: 0.1 ms]
   [Code Root Purge: 0.0 ms]
   [Clear CT: 3.5 ms]
   [Other: 8.6 ms]
      [Choose CSet: 0.0 ms]
      [Ref Proc: 3.3 ms]
      [Ref Enq: 0.0 ms]
      [Redirty Cards: 0.7 ms]
      [Humongous Register: 0.4 ms]
      [Humongous Reclaim: 0.2 ms]
      [Free CSet: 2.9 ms]
   [Eden: 57920.0M(57920.0M)->0.0B(57888.0M) Survivors: 192.0M->224.0M Heap: 68056.2M(96864.0M)->10150.9M(96864.0M)]
 [Times: user=0.41 sys=0.04, real=0.04 secs] 
2021-03-30T11:27:30.851+0000: [GC pause (G1 Evacuation Pause) (young), 0.0538491 secs]
   [Parallel Time: 36.9 ms, GC Workers: 13]
      [GC Worker Start (ms): Min: 409217732.0, Avg: 409217732.3, Max: 409217732.6, Diff: 0.7]
      [Ext Root Scanning (ms): Min: 0.9, Avg: 2.1, Max: 8.2, Diff: 7.3, Sum: 26.9]
      [Update RS (ms): Min: 0.0, Avg: 5.3, Max: 6.5, Diff: 6.5, Sum: 68.8]
         [Processed Buffers: Min: 0, Avg: 21.7, Max: 47, Diff: 47, Sum: 282]
      [Scan RS (ms): Min: 0.2, Avg: 0.4, Max: 0.5, Diff: 0.4, Sum: 4.9]
      [Code Root Scanning (ms): Min: 0.0, Avg: 0.0, Max: 0.0, Diff: 0.0, Sum: 0.1]
      [Object Copy (ms): Min: 27.9, Avg: 28.2, Max: 28.4, Diff: 0.4, Sum: 366.9]
      [Termination (ms): Min: 0.0, Avg: 0.0, Max: 0.0, Diff: 0.0, Sum: 0.0]
         [Termination Attempts: Min: 1, Avg: 2.5, Max: 4, Diff: 3, Sum: 33]
      [GC Worker Other (ms): Min: 0.0, Avg: 0.2, Max: 0.4, Diff: 0.4, Sum: 3.0]
      [GC Worker Total (ms): Min: 35.8, Avg: 36.2, Max: 36.6, Diff: 0.7, Sum: 470.6]
      [GC Worker End (ms): Min: 409217768.3, Avg: 409217768.5, Max: 409217768.7, Diff: 0.4]
   [Code Root Fixup: 0.1 ms]
   [Code Root Purge: 0.0 ms]
   [Clear CT: 3.9 ms]
   [Other: 13.0 ms]
      [Choose CSet: 0.0 ms]
      [Ref Proc: 7.7 ms]
      [Ref Enq: 0.4 ms]
      [Redirty Cards: 0.6 ms]
      [Humongous Register: 0.4 ms]
      [Humongous Reclaim: 0.1 ms]
      [Free CSet: 2.6 ms]
   [Eden: 57888.0M(57888.0M)->0.0B(57792.0M) Survivors: 224.0M->320.0M Heap: 68038.9M(96864.0M)->10247.1M(96864.0M)]
 [Times: user=0.49 sys=0.03, real=0.06 secs] 
2021-03-30T11:28:35.713+0000: [GC pause (G1 Evacuation Pause) (young), 0.0458382 secs]
   [Parallel Time: 34.5 ms, GC Workers: 13]
      [GC Worker Start (ms): Min: 409282594.0, Avg: 409282594.4, Max: 409282594.7, Diff: 0.7]
      [Ext Root Scanning (ms): Min: 1.0, Avg: 2.1, Max: 8.0, Diff: 7.0, Sum: 27.4]
      [Update RS (ms): Min: 0.0, Avg: 5.1, Max: 6.1, Diff: 6.1, Sum: 65.7]
         [Processed Buffers: Min: 0, Avg: 19.9, Max: 37, Diff: 37, Sum: 259]
      [Scan RS (ms): Min: 0.2, Avg: 0.4, Max: 0.5, Diff: 0.3, Sum: 5.0]
      [Code Root Scanning (ms): Min: 0.0, Avg: 0.0, Max: 0.1, Diff: 0.1, Sum: 0.1]
      [Object Copy (ms): Min: 25.6, Avg: 25.8, Max: 25.9, Diff: 0.4, Sum: 335.1]
      [Termination (ms): Min: 0.0, Avg: 0.0, Max: 0.0, Diff: 0.0, Sum: 0.0]
         [Termination Attempts: Min: 1, Avg: 1.8, Max: 3, Diff: 2, Sum: 23]
      [GC Worker Other (ms): Min: 0.0, Avg: 0.2, Max: 0.4, Diff: 0.3, Sum: 2.7]
      [GC Worker Total (ms): Min: 33.3, Avg: 33.5, Max: 34.0, Diff: 0.8, Sum: 436.1]
      [GC Worker End (ms): Min: 409282627.7, Avg: 409282627.9, Max: 409282628.1, Diff: 0.3]
   [Code Root Fixup: 0.1 ms]
   [Code Root Purge: 0.0 ms]
   [Clear CT: 3.9 ms]
   [Other: 7.3 ms]
      [Choose CSet: 0.0 ms]
      [Ref Proc: 2.8 ms]
      [Ref Enq: 0.1 ms]
      [Redirty Cards: 0.8 ms]
      [Humongous Register: 0.3 ms]
      [Humongous Reclaim: 0.1 ms]
      [Free CSet: 2.3 ms]
   [Eden: 57792.0M(57792.0M)->0.0B(57824.0M) Survivors: 320.0M->288.0M Heap: 68039.1M(96864.0M)->10229.5M(96864.0M)]
 [Times: user=0.49 sys=0.00, real=0.04 secs] 
2021-03-30T11:29:40.915+0000: [GC pause (G1 Evacuation Pause) (young), 0.0445818 secs]
   [Parallel Time: 33.3 ms, GC Workers: 13]
      [GC Worker Start (ms): Min: 409347795.8, Avg: 409347796.1, Max: 409347796.3, Diff: 0.5]
      [Ext Root Scanning (ms): Min: 0.9, Avg: 2.0, Max: 7.7, Diff: 6.8, Sum: 25.4]
      [Update RS (ms): Min: 0.0, Avg: 4.3, Max: 5.5, Diff: 5.5, Sum: 56.3]
         [Processed Buffers: Min: 0, Avg: 19.0, Max: 42, Diff: 42, Sum: 247]
      [Scan RS (ms): Min: 0.2, Avg: 0.4, Max: 0.5, Diff: 0.3, Sum: 4.9]
      [Code Root Scanning (ms): Min: 0.0, Avg: 0.0, Max: 0.0, Diff: 0.0, Sum: 0.1]
      [Object Copy (ms): Min: 24.6, Avg: 25.7, Max: 25.9, Diff: 1.2, Sum: 334.0]
      [Termination (ms): Min: 0.0, Avg: 0.0, Max: 0.0, Diff: 0.0, Sum: 0.1]
         [Termination Attempts: Min: 1, Avg: 11.5, Max: 18, Diff: 17, Sum: 149]
      [GC Worker Other (ms): Min: 0.0, Avg: 0.2, Max: 0.4, Diff: 0.4, Sum: 2.8]
      [GC Worker Total (ms): Min: 32.3, Avg: 32.6, Max: 32.9, Diff: 0.6, Sum: 423.6]
      [GC Worker End (ms): Min: 409347828.5, Avg: 409347828.7, Max: 409347828.9, Diff: 0.4]
   [Code Root Fixup: 0.0 ms]
   [Code Root Purge: 0.0 ms]
   [Clear CT: 3.4 ms]
   [Other: 7.8 ms]
      [Choose CSet: 0.0 ms]
      [Ref Proc: 2.8 ms]
      [Ref Enq: 0.1 ms]
      [Redirty Cards: 0.7 ms]
      [Humongous Register: 0.4 ms]
      [Humongous Reclaim: 0.1 ms]
      [Free CSet: 2.7 ms]
   [Eden: 57824.0M(57824.0M)->0.0B(57824.0M) Survivors: 288.0M->288.0M Heap: 68053.5M(96864.0M)->10229.3M(96864.0M)]
 [Times: user=0.44 sys=0.03, real=0.04 secs] 
2021-03-30T11:30:31.965+0000: [GC pause (G1 Evacuation Pause) (young), 0.0872719 secs]
   [Parallel Time: 50.9 ms, GC Workers: 13]
      [GC Worker Start (ms): Min: 409398846.1, Avg: 409398846.3, Max: 409398846.6, Diff: 0.6]
      [Ext Root Scanning (ms): Min: 1.3, Avg: 2.5, Max: 7.9, Diff: 6.6, Sum: 32.7]
      [Update RS (ms): Min: 1.4, Avg: 6.6, Max: 7.8, Diff: 6.4, Sum: 86.4]
         [Processed Buffers: Min: 12, Avg: 28.0, Max: 53, Diff: 41, Sum: 364]
      [Scan RS (ms): Min: 0.2, Avg: 0.4, Max: 0.5, Diff: 0.3, Sum: 4.8]
      [Code Root Scanning (ms): Min: 0.0, Avg: 0.0, Max: 0.0, Diff: 0.0, Sum: 0.1]
      [Object Copy (ms): Min: 40.0, Avg: 40.3, Max: 40.4, Diff: 0.4, Sum: 523.7]
      [Termination (ms): Min: 0.0, Avg: 0.0, Max: 0.0, Diff: 0.0, Sum: 0.0]
         [Termination Attempts: Min: 1, Avg: 1.0, Max: 1, Diff: 0, Sum: 13]
      [GC Worker Other (ms): Min: 0.1, Avg: 0.3, Max: 0.5, Diff: 0.4, Sum: 3.4]
      [GC Worker Total (ms): Min: 49.7, Avg: 50.1, Max: 50.5, Diff: 0.7, Sum: 651.1]
      [GC Worker End (ms): Min: 409398896.2, Avg: 409398896.4, Max: 409398896.7, Diff: 0.4]
   [Code Root Fixup: 0.1 ms]
   [Code Root Purge: 0.0 ms]
   [Clear CT: 3.7 ms]
   [Other: 32.6 ms]
      [Choose CSet: 0.0 ms]
      [Ref Proc: 26.1 ms]
      [Ref Enq: 1.5 ms]
      [Redirty Cards: 0.8 ms]
      [Humongous Register: 0.3 ms]
      [Humongous Reclaim: 0.1 ms]
      [Free CSet: 2.6 ms]
   [Eden: 57824.0M(57824.0M)->0.0B(57600.0M) Survivors: 288.0M->512.0M Heap: 68117.3M(96864.0M)->10517.3M(96864.0M)]
 [Times: user=0.67 sys=0.05, real=0.09 secs] 
2021-03-30T11:31:34.590+0000: [GC pause (G1 Evacuation Pause) (young), 0.0687101 secs]
   [Parallel Time: 53.9 ms, GC Workers: 13]
      [GC Worker Start (ms): Min: 409461470.7, Avg: 409461471.0, Max: 409461471.3, Diff: 0.6]
      [Ext Root Scanning (ms): Min: 0.9, Avg: 2.2, Max: 8.4, Diff: 7.5, Sum: 28.9]
      [Update RS (ms): Min: 1.4, Avg: 7.4, Max: 8.8, Diff: 7.4, Sum: 96.0]
         [Processed Buffers: Min: 13, Avg: 23.7, Max: 39, Diff: 26, Sum: 308]
      [Scan RS (ms): Min: 0.2, Avg: 0.3, Max: 0.6, Diff: 0.4, Sum: 4.5]
      [Code Root Scanning (ms): Min: 0.0, Avg: 0.0, Max: 0.1, Diff: 0.1, Sum: 0.1]
      [Object Copy (ms): Min: 41.6, Avg: 42.0, Max: 43.3, Diff: 1.7, Sum: 546.2]
      [Termination (ms): Min: 0.0, Avg: 1.2, Max: 1.4, Diff: 1.4, Sum: 15.4]
         [Termination Attempts: Min: 1, Avg: 4.9, Max: 10, Diff: 9, Sum: 64]
      [GC Worker Other (ms): Min: 0.0, Avg: 0.2, Max: 0.3, Diff: 0.3, Sum: 2.1]
      [GC Worker Total (ms): Min: 53.0, Avg: 53.3, Max: 53.6, Diff: 0.7, Sum: 693.2]
      [GC Worker End (ms): Min: 409461524.2, Avg: 409461524.4, Max: 409461524.5, Diff: 0.3]
   [Code Root Fixup: 0.1 ms]
   [Code Root Purge: 0.0 ms]
   [Clear CT: 3.1 ms]
   [Other: 11.6 ms]
      [Choose CSet: 0.0 ms]
      [Ref Proc: 6.8 ms]
      [Ref Enq: 0.5 ms]
      [Redirty Cards: 0.6 ms]
      [Humongous Register: 0.4 ms]
      [Humongous Reclaim: 0.1 ms]
      [Free CSet: 2.2 ms]
   [Eden: 57600.0M(57600.0M)->0.0B(57792.0M) Survivors: 512.0M->320.0M Heap: 68181.3M(96864.0M)->10398.4M(96864.0M)]
 [Times: user=0.75 sys=0.00, real=0.07 secs] 
CREATING JIRA TICKET!
... checkpoint A
CREATING JIRA TICKET!
... checkpoint A
CREATING JIRA TICKET!
... checkpoint A
... checkpoint B
... checkpoint C
... checkpoint D
... checkpoint E
... checkpoint F
... checkpoint G
JIRA TICKET CREATED:https://itsec.statoil.net:8443/browse/SOC-64851
CREATING JIRA TICKET!
... checkpoint A
... checkpoint B
... checkpoint C
... checkpoint D
... checkpoint E
... checkpoint F
... checkpoint G
JIRA TICKET CREATED:https://itsec.statoil.net:8443/browse/SOC-64852
2021-03-30T11:32:40.118+0000: [GC pause (G1 Evacuation Pause) (young), 0.0636331 secs]
   [Parallel Time: 51.2 ms, GC Workers: 13]
      [GC Worker Start (ms): Min: 409526998.8, Avg: 409526999.2, Max: 409526999.5, Diff: 0.7]
      [Ext Root Scanning (ms): Min: 0.9, Avg: 2.2, Max: 8.2, Diff: 7.3, Sum: 28.1]
      [Update RS (ms): Min: 0.0, Avg: 5.6, Max: 7.0, Diff: 7.0, Sum: 72.6]
         [Processed Buffers: Min: 0, Avg: 21.2, Max: 42, Diff: 42, Sum: 276]
      [Scan RS (ms): Min: 0.2, Avg: 0.4, Max: 0.6, Diff: 0.4, Sum: 5.6]
      [Code Root Scanning (ms): Min: 0.0, Avg: 0.0, Max: 0.1, Diff: 0.1, Sum: 0.2]
      [Object Copy (ms): Min: 40.8, Avg: 40.9, Max: 41.0, Diff: 0.3, Sum: 532.0]
      [Termination (ms): Min: 0.0, Avg: 0.0, Max: 0.0, Diff: 0.0, Sum: 0.0]
         [Termination Attempts: Min: 1, Avg: 1.0, Max: 1, Diff: 0, Sum: 13]
      [GC Worker Other (ms): Min: 0.0, Avg: 0.3, Max: 0.7, Diff: 0.6, Sum: 4.1]
      [GC Worker Total (ms): Min: 49.0, Avg: 49.4, Max: 49.9, Diff: 0.9, Sum: 642.6]
      [GC Worker End (ms): Min: 409527048.3, Avg: 409527048.6, Max: 409527048.9, Diff: 0.6]
   [Code Root Fixup: 0.1 ms]
   [Code Root Purge: 0.0 ms]
   [Clear CT: 3.6 ms]
   [Other: 8.9 ms]
      [Choose CSet: 0.0 ms]
      [Ref Proc: 3.6 ms]
      [Ref Enq: 0.1 ms]
      [Redirty Cards: 0.7 ms]
      [Humongous Register: 0.4 ms]
      [Humongous Reclaim: 0.1 ms]
      [Free CSet: 3.2 ms]
   [Eden: 57792.0M(57792.0M)->0.0B(57792.0M) Survivors: 320.0M->320.0M Heap: 68190.4M(96864.0M)->10382.4M(96864.0M)]
 [Times: user=0.66 sys=0.05, real=0.06 secs] 
2021-03-30T11:33:46.740+0000: [GC pause (G1 Evacuation Pause) (young), 0.0630246 secs]
   [Parallel Time: 52.8 ms, GC Workers: 13]
      [GC Worker Start (ms): Min: 409593621.0, Avg: 409593621.3, Max: 409593621.5, Diff: 0.5]
      [Ext Root Scanning (ms): Min: 1.0, Avg: 2.2, Max: 7.6, Diff: 6.6, Sum: 28.8]
      [Update RS (ms): Min: 0.0, Avg: 5.1, Max: 6.3, Diff: 6.3, Sum: 66.6]
         [Processed Buffers: Min: 0, Avg: 18.6, Max: 37, Diff: 37, Sum: 242]
      [Scan RS (ms): Min: 0.2, Avg: 0.4, Max: 0.5, Diff: 0.3, Sum: 5.2]
      [Code Root Scanning (ms): Min: 0.0, Avg: 0.0, Max: 0.0, Diff: 0.0, Sum: 0.2]
      [Object Copy (ms): Min: 44.1, Avg: 44.2, Max: 44.4, Diff: 0.2, Sum: 575.2]
      [Termination (ms): Min: 0.0, Avg: 0.0, Max: 0.0, Diff: 0.0, Sum: 0.0]
         [Termination Attempts: Min: 1, Avg: 6.5, Max: 11, Diff: 10, Sum: 84]
      [GC Worker Other (ms): Min: 0.0, Avg: 0.3, Max: 0.5, Diff: 0.4, Sum: 3.4]
      [GC Worker Total (ms): Min: 52.0, Avg: 52.3, Max: 52.7, Diff: 0.7, Sum: 679.5]
      [GC Worker End (ms): Min: 409593673.3, Avg: 409593673.5, Max: 409593673.7, Diff: 0.4]
   [Code Root Fixup: 0.1 ms]
   [Code Root Purge: 0.0 ms]
   [Clear CT: 4.0 ms]
   [Other: 6.2 ms]
      [Choose CSet: 0.0 ms]
      [Ref Proc: 2.1 ms]
      [Ref Enq: 0.0 ms]
      [Redirty Cards: 0.3 ms]
      [Humongous Register: 0.3 ms]
      [Humongous Reclaim: 0.1 ms]
      [Free CSet: 2.4 ms]
   [Eden: 57792.0M(57792.0M)->0.0B(57760.0M) Survivors: 320.0M->352.0M Heap: 68174.4M(96864.0M)->10430.4M(96864.0M)]
 [Times: user=0.73 sys=0.00, real=0.07 secs] 
2021-03-30T11:34:53.165+0000: [GC pause (G1 Evacuation Pause) (young), 0.0612633 secs]
   [Parallel Time: 50.7 ms, GC Workers: 13]
      [GC Worker Start (ms): Min: 409660045.6, Avg: 409660046.0, Max: 409660046.3, Diff: 0.7]
      [Ext Root Scanning (ms): Min: 0.9, Avg: 2.2, Max: 8.2, Diff: 7.3, Sum: 28.9]
      [Update RS (ms): Min: 0.0, Avg: 5.4, Max: 6.7, Diff: 6.7, Sum: 70.4]
         [Processed Buffers: Min: 0, Avg: 17.2, Max: 32, Diff: 32, Sum: 224]
      [Scan RS (ms): Min: 0.2, Avg: 0.4, Max: 0.5, Diff: 0.3, Sum: 5.1]
      [Code Root Scanning (ms): Min: 0.0, Avg: 0.0, Max: 0.1, Diff: 0.1, Sum: 0.1]
      [Object Copy (ms): Min: 41.6, Avg: 41.8, Max: 41.9, Diff: 0.3, Sum: 543.7]
      [Termination (ms): Min: 0.0, Avg: 0.0, Max: 0.0, Diff: 0.0, Sum: 0.0]
         [Termination Attempts: Min: 1, Avg: 2.9, Max: 5, Diff: 4, Sum: 38]
      [GC Worker Other (ms): Min: 0.0, Avg: 0.2, Max: 0.4, Diff: 0.4, Sum: 3.1]
      [GC Worker Total (ms): Min: 49.6, Avg: 50.1, Max: 50.7, Diff: 1.1, Sum: 651.4]
      [GC Worker End (ms): Min: 409660095.9, Avg: 409660096.1, Max: 409660096.3, Diff: 0.4]
   [Code Root Fixup: 0.1 ms]
   [Code Root Purge: 0.0 ms]
   [Clear CT: 3.2 ms]
   [Other: 7.3 ms]
      [Choose CSet: 0.0 ms]
      [Ref Proc: 2.7 ms]
      [Ref Enq: 0.0 ms]
      [Redirty Cards: 0.8 ms]
      [Humongous Register: 0.4 ms]
      [Humongous Reclaim: 0.1 ms]
      [Free CSet: 2.5 ms]
   [Eden: 57760.0M(57760.0M)->0.0B(57792.0M) Survivors: 352.0M->320.0M Heap: 68190.4M(96864.0M)->10401.3M(96864.0M)]
 [Times: user=0.70 sys=0.00, real=0.06 secs] 
2021-03-30T11:35:55.696+0000: [GC pause (G1 Evacuation Pause) (young), 0.0709164 secs]
   [Parallel Time: 54.6 ms, GC Workers: 13]
      [GC Worker Start (ms): Min: 409722576.2, Avg: 409722576.7, Max: 409722577.0, Diff: 0.8]
      [Ext Root Scanning (ms): Min: 0.9, Avg: 2.4, Max: 9.3, Diff: 8.4, Sum: 31.8]
      [Update RS (ms): Min: 1.5, Avg: 7.9, Max: 9.5, Diff: 8.1, Sum: 102.6]
         [Processed Buffers: Min: 2, Avg: 22.6, Max: 38, Diff: 36, Sum: 294]
      [Scan RS (ms): Min: 0.2, Avg: 0.4, Max: 0.5, Diff: 0.4, Sum: 5.2]
      [Code Root Scanning (ms): Min: 0.0, Avg: 0.0, Max: 0.1, Diff: 0.1, Sum: 0.2]
      [Object Copy (ms): Min: 42.4, Avg: 42.7, Max: 42.9, Diff: 0.6, Sum: 555.5]
      [Termination (ms): Min: 0.0, Avg: 0.0, Max: 0.0, Diff: 0.0, Sum: 0.0]
         [Termination Attempts: Min: 1, Avg: 5.2, Max: 10, Diff: 9, Sum: 68]
      [GC Worker Other (ms): Min: 0.0, Avg: 0.2, Max: 0.4, Diff: 0.4, Sum: 2.8]
      [GC Worker Total (ms): Min: 53.2, Avg: 53.7, Max: 54.0, Diff: 0.9, Sum: 698.2]
      [GC Worker End (ms): Min: 409722630.2, Avg: 409722630.4, Max: 409722630.6, Diff: 0.4]
   [Code Root Fixup: 0.1 ms]
   [Code Root Purge: 0.0 ms]
   [Clear CT: 3.3 ms]
   [Other: 13.0 ms]
      [Choose CSet: 0.0 ms]
      [Ref Proc: 7.7 ms]
      [Ref Enq: 0.4 ms]
      [Redirty Cards: 0.9 ms]
      [Humongous Register: 0.4 ms]
      [Humongous Reclaim: 0.1 ms]
      [Free CSet: 2.7 ms]
   [Eden: 57792.0M(57792.0M)->0.0B(57792.0M) Survivors: 320.0M->320.0M Heap: 68193.3M(96864.0M)->10432.6M(96864.0M)]
 [Times: user=0.75 sys=0.00, real=0.07 secs] 
2021-03-30T11:37:00.893+0000: [GC pause (G1 Evacuation Pause) (young), 0.0616342 secs]
   [Parallel Time: 50.8 ms, GC Workers: 13]
      [GC Worker Start (ms): Min: 409787773.5, Avg: 409787773.8, Max: 409787774.1, Diff: 0.6]
      [Ext Root Scanning (ms): Min: 1.0, Avg: 2.3, Max: 8.2, Diff: 7.1, Sum: 30.4]
      [Update RS (ms): Min: 3.0, Avg: 8.8, Max: 10.0, Diff: 7.0, Sum: 114.9]
         [Processed Buffers: Min: 19, Avg: 28.6, Max: 43, Diff: 24, Sum: 372]
      [Scan RS (ms): Min: 0.2, Avg: 0.4, Max: 0.6, Diff: 0.4, Sum: 5.3]
      [Code Root Scanning (ms): Min: 0.0, Avg: 0.0, Max: 0.1, Diff: 0.1, Sum: 0.1]
      [Object Copy (ms): Min: 38.0, Avg: 38.2, Max: 38.3, Diff: 0.3, Sum: 496.5]
      [Termination (ms): Min: 0.0, Avg: 0.0, Max: 0.0, Diff: 0.0, Sum: 0.0]
         [Termination Attempts: Min: 1, Avg: 6.5, Max: 10, Diff: 9, Sum: 85]
      [GC Worker Other (ms): Min: 0.0, Avg: 0.2, Max: 0.4, Diff: 0.4, Sum: 2.9]
      [GC Worker Total (ms): Min: 49.5, Avg: 50.0, Max: 50.4, Diff: 0.9, Sum: 650.2]
      [GC Worker End (ms): Min: 409787823.7, Avg: 409787823.8, Max: 409787824.0, Diff: 0.4]
   [Code Root Fixup: 0.1 ms]
   [Code Root Purge: 0.0 ms]
   [Clear CT: 3.5 ms]
   [Other: 7.3 ms]
      [Choose CSet: 0.0 ms]
      [Ref Proc: 2.4 ms]
      [Ref Enq: 0.0 ms]
      [Redirty Cards: 0.7 ms]
      [Humongous Register: 0.4 ms]
      [Humongous Reclaim: 0.1 ms]
      [Free CSet: 2.7 ms]
   [Eden: 57792.0M(57792.0M)->0.0B(57792.0M) Survivors: 320.0M->320.0M Heap: 68224.6M(96864.0M)->10453.3M(96864.0M)]
 [Times: user=0.69 sys=0.00, real=0.06 secs] 
2021-03-30T11:38:05.950+0000: [GC pause (G1 Evacuation Pause) (young), 0.0645230 secs]
   [Parallel Time: 52.3 ms, GC Workers: 13]
      [GC Worker Start (ms): Min: 409852830.3, Avg: 409852830.6, Max: 409852830.9, Diff: 0.6]
      [Ext Root Scanning (ms): Min: 0.9, Avg: 2.1, Max: 8.2, Diff: 7.3, Sum: 27.9]
      [Update RS (ms): Min: 4.0, Avg: 10.0, Max: 11.2, Diff: 7.1, Sum: 129.8]
         [Processed Buffers: Min: 19, Avg: 29.5, Max: 51, Diff: 32, Sum: 383]
      [Scan RS (ms): Min: 0.2, Avg: 0.4, Max: 0.5, Diff: 0.3, Sum: 4.8]
      [Code Root Scanning (ms): Min: 0.0, Avg: 0.0, Max: 0.1, Diff: 0.1, Sum: 0.1]
      [Object Copy (ms): Min: 38.9, Avg: 39.0, Max: 39.1, Diff: 0.2, Sum: 506.6]
      [Termination (ms): Min: 0.0, Avg: 0.0, Max: 0.0, Diff: 0.0, Sum: 0.0]
         [Termination Attempts: Min: 1, Avg: 1.2, Max: 2, Diff: 1, Sum: 15]
      [GC Worker Other (ms): Min: 0.0, Avg: 0.2, Max: 0.5, Diff: 0.4, Sum: 3.0]
      [GC Worker Total (ms): Min: 51.5, Avg: 51.7, Max: 52.0, Diff: 0.5, Sum: 672.3]
      [GC Worker End (ms): Min: 409852882.1, Avg: 409852882.3, Max: 409852882.6, Diff: 0.4]
   [Code Root Fixup: 0.1 ms]
   [Code Root Purge: 0.0 ms]
   [Clear CT: 3.5 ms]
   [Other: 8.7 ms]
      [Choose CSet: 0.0 ms]
      [Ref Proc: 4.2 ms]
      [Ref Enq: 0.1 ms]
      [Redirty Cards: 0.5 ms]
      [Humongous Register: 0.4 ms]
      [Humongous Reclaim: 0.1 ms]
      [Free CSet: 2.4 ms]
   [Eden: 57792.0M(57792.0M)->0.0B(57792.0M) Survivors: 320.0M->320.0M Heap: 68245.3M(96864.0M)->10476.7M(96864.0M)]
 [Times: user=0.73 sys=0.00, real=0.07 secs] 
2021-03-30T11:39:07.505+0000: [GC pause (G1 Evacuation Pause) (young), 0.0700454 secs]
   [Parallel Time: 51.9 ms, GC Workers: 13]
      [GC Worker Start (ms): Min: 409914385.7, Avg: 409914386.0, Max: 409914386.3, Diff: 0.6]
      [Ext Root Scanning (ms): Min: 1.2, Avg: 2.7, Max: 9.0, Diff: 7.8, Sum: 35.2]
      [Update RS (ms): Min: 0.0, Avg: 6.2, Max: 7.8, Diff: 7.8, Sum: 80.1]
         [Processed Buffers: Min: 0, Avg: 21.6, Max: 40, Diff: 40, Sum: 281]
      [Scan RS (ms): Min: 0.2, Avg: 0.4, Max: 0.5, Diff: 0.4, Sum: 4.8]
      [Code Root Scanning (ms): Min: 0.0, Avg: 0.0, Max: 0.1, Diff: 0.1, Sum: 0.2]
      [Object Copy (ms): Min: 41.5, Avg: 41.8, Max: 41.9, Diff: 0.4, Sum: 542.9]
      [Termination (ms): Min: 0.0, Avg: 0.0, Max: 0.0, Diff: 0.0, Sum: 0.2]
         [Termination Attempts: Min: 7, Avg: 24.2, Max: 32, Diff: 25, Sum: 314]
      [GC Worker Other (ms): Min: 0.0, Avg: 0.2, Max: 0.4, Diff: 0.4, Sum: 3.0]
      [GC Worker Total (ms): Min: 51.0, Avg: 51.3, Max: 51.6, Diff: 0.7, Sum: 666.3]
      [GC Worker End (ms): Min: 409914437.0, Avg: 409914437.2, Max: 409914437.4, Diff: 0.4]
   [Code Root Fixup: 0.1 ms]
   [Code Root Purge: 0.0 ms]
   [Clear CT: 3.1 ms]
   [Other: 14.9 ms]
      [Choose CSet: 0.0 ms]
      [Ref Proc: 10.3 ms]
      [Ref Enq: 0.3 ms]
      [Redirty Cards: 0.6 ms]
      [Humongous Register: 0.4 ms]
      [Humongous Reclaim: 0.1 ms]
      [Free CSet: 2.3 ms]
   [Eden: 57792.0M(57792.0M)->0.0B(57824.0M) Survivors: 320.0M->288.0M Heap: 68332.7M(96864.0M)->10531.0M(96864.0M)]
 [Times: user=0.77 sys=0.00, real=0.07 secs] 
2021-03-30T11:40:08.020+0000: [GC pause (G1 Evacuation Pause) (young), 0.0790314 secs]
   [Parallel Time: 58.2 ms, GC Workers: 13]
      [GC Worker Start (ms): Min: 409974900.7, Avg: 409974901.0, Max: 409974901.3, Diff: 0.6]
      [Ext Root Scanning (ms): Min: 0.9, Avg: 2.1, Max: 7.7, Diff: 6.9, Sum: 26.9]
      [Update RS (ms): Min: 0.8, Avg: 6.5, Max: 7.8, Diff: 7.0, Sum: 84.5]
         [Processed Buffers: Min: 8, Avg: 22.5, Max: 46, Diff: 38, Sum: 292]
      [Scan RS (ms): Min: 0.2, Avg: 0.4, Max: 0.5, Diff: 0.3, Sum: 4.6]
      [Code Root Scanning (ms): Min: 0.0, Avg: 0.0, Max: 0.1, Diff: 0.1, Sum: 0.2]
      [Object Copy (ms): Min: 47.3, Avg: 47.5, Max: 47.7, Diff: 0.4, Sum: 617.6]
      [Termination (ms): Min: 0.7, Avg: 1.0, Max: 1.1, Diff: 0.3, Sum: 12.5]
         [Termination Attempts: Min: 762, Avg: 798.3, Max: 857, Diff: 95, Sum: 10378]
      [GC Worker Other (ms): Min: 0.0, Avg: 0.2, Max: 0.4, Diff: 0.3, Sum: 2.5]
      [GC Worker Total (ms): Min: 57.2, Avg: 57.6, Max: 57.9, Diff: 0.7, Sum: 748.6]
      [GC Worker End (ms): Min: 409974958.4, Avg: 409974958.5, Max: 409974958.7, Diff: 0.3]
   [Code Root Fixup: 0.1 ms]
   [Code Root Purge: 0.0 ms]
   [Clear CT: 3.2 ms]
   [Other: 17.6 ms]
      [Choose CSet: 0.0 ms]
      [Ref Proc: 12.4 ms]
      [Ref Enq: 0.9 ms]
      [Redirty Cards: 0.6 ms]
      [Humongous Register: 0.3 ms]
      [Humongous Reclaim: 0.1 ms]
      [Free CSet: 2.4 ms]
   [Eden: 57824.0M(57824.0M)->0.0B(57728.0M) Survivors: 288.0M->384.0M Heap: 68419.0M(96864.0M)->10677.6M(96864.0M)]
 [Times: user=0.81 sys=0.00, real=0.08 secs] 
2021-03-30T11:41:10.443+0000: [GC pause (G1 Evacuation Pause) (young), 0.0644592 secs]
   [Parallel Time: 50.2 ms, GC Workers: 13]
      [GC Worker Start (ms): Min: 410037324.2, Avg: 410037324.5, Max: 410037324.8, Diff: 0.6]
      [Ext Root Scanning (ms): Min: 0.9, Avg: 2.5, Max: 10.3, Diff: 9.4, Sum: 32.0]
      [Update RS (ms): Min: 0.0, Avg: 6.9, Max: 8.6, Diff: 8.5, Sum: 89.8]
         [Processed Buffers: Min: 0, Avg: 21.9, Max: 39, Diff: 39, Sum: 285]
      [Scan RS (ms): Min: 0.2, Avg: 0.4, Max: 0.5, Diff: 0.3, Sum: 4.9]
      [Code Root Scanning (ms): Min: 0.0, Avg: 0.0, Max: 0.1, Diff: 0.1, Sum: 0.2]
      [Object Copy (ms): Min: 38.4, Avg: 39.4, Max: 39.6, Diff: 1.3, Sum: 512.2]
      [Termination (ms): Min: 0.0, Avg: 0.0, Max: 0.0, Diff: 0.0, Sum: 0.0]
         [Termination Attempts: Min: 1, Avg: 1.0, Max: 1, Diff: 0, Sum: 13]
      [GC Worker Other (ms): Min: 0.0, Avg: 0.2, Max: 0.4, Diff: 0.4, Sum: 3.1]
      [GC Worker Total (ms): Min: 49.0, Avg: 49.4, Max: 49.8, Diff: 0.8, Sum: 642.2]
      [GC Worker End (ms): Min: 410037373.7, Avg: 410037373.9, Max: 410037374.1, Diff: 0.4]
   [Code Root Fixup: 0.0 ms]
   [Code Root Purge: 0.0 ms]
   [Clear CT: 3.5 ms]
   [Other: 10.7 ms]
      [Choose CSet: 0.0 ms]
      [Ref Proc: 5.4 ms]
      [Ref Enq: 0.7 ms]
      [Redirty Cards: 0.6 ms]
      [Humongous Register: 0.5 ms]
      [Humongous Reclaim: 0.1 ms]
      [Free CSet: 2.3 ms]
   [Eden: 57728.0M(57728.0M)->0.0B(57792.0M) Survivors: 384.0M->320.0M Heap: 68405.6M(96864.0M)->10550.8M(96864.0M)]
 [Times: user=0.70 sys=0.00, real=0.07 secs] 
Out[207]: 2/local_disk0/tmp/1616694459947-0/PythonShell.py:1084: DeprecationWarning: The `use_readline` parameter is deprecated and ignored since IPython 6.0.
  parent=self,
Out[6]: <pyspark.sql.streaming.StreamingQuery at 0x7f95e1c0c0d0>2021-03-30T11:42:13.731+0000: [GC pause (G1 Evacuation Pause) (young), 0.0671717 secs]
   [Parallel Time: 52.8 ms, GC Workers: 13]
      [GC Worker Start (ms): Min: 410100611.8, Avg: 410100612.1, Max: 410100612.4, Diff: 0.6]
      [Ext Root Scanning (ms): Min: 1.0, Avg: 2.3, Max: 8.7, Diff: 7.7, Sum: 29.9]
      [Update RS (ms): Min: 0.0, Avg: 5.2, Max: 6.7, Diff: 6.7, Sum: 67.9]
         [Processed Buffers: Min: 0, Avg: 21.1, Max: 34, Diff: 34, Sum: 274]
      [Scan RS (ms): Min: 0.2, Avg: 0.4, Max: 0.5, Diff: 0.4, Sum: 5.2]
      [Code Root Scanning (ms): Min: 0.0, Avg: 0.0, Max: 0.1, Diff: 0.1, Sum: 0.2]
      [Object Copy (ms): Min: 43.1, Avg: 43.9, Max: 44.1, Diff: 1.0, Sum: 571.0]
      [Termination (ms): Min: 0.0, Avg: 0.0, Max: 0.0, Diff: 0.0, Sum: 0.1]
         [Termination Attempts: Min: 1, Avg: 10.8, Max: 16, Diff: 15, Sum: 141]
      [GC Worker Other (ms): Min: 0.0, Avg: 0.2, Max: 0.4, Diff: 0.4, Sum: 2.9]
      [GC Worker Total (ms): Min: 51.7, Avg: 52.1, Max: 52.4, Diff: 0.6, Sum: 677.2]
      [GC Worker End (ms): Min: 410100664.0, Avg: 410100664.2, Max: 410100664.4, Diff: 0.4]
   [Code Root Fixup: 0.1 ms]
   [Code Root Purge: 0.0 ms]
   [Clear CT: 3.7 ms]
   [Other: 10.6 ms]
      [Choose CSet: 0.0 ms]
      [Ref Proc: 5.5 ms]
      [Ref Enq: 0.1 ms]
      [Redirty Cards: 0.8 ms]
      [Humongous Register: 0.4 ms]
      [Humongous Reclaim: 0.1 ms]
      [Free CSet: 2.7 ms]
   [Eden: 57792.0M(57792.0M)->0.0B(57792.0M) Survivors: 320.0M->320.0M Heap: 68342.8M(96864.0M)->10568.2M(96864.0M)]
 [Times: user=0.73 sys=0.00, real=0.07 secs] 
CREATING JIRA TICKET!
... checkpoint A
... checkpoint B
... checkpoint C
... checkpoint D
... checkpoint E
... checkpoint F
... checkpoint G
JIRA TICKET CREATED:https://itsec.statoil.net:8443/browse/SOC-64854
2021-03-30T11:43:15.921+0000: [GC pause (G1 Evacuation Pause) (young), 0.0762129 secs]
   [Parallel Time: 61.4 ms, GC Workers: 13]
      [GC Worker Start (ms): Min: 410162801.6, Avg: 410162801.9, Max: 410162802.3, Diff: 0.7]
      [Ext Root Scanning (ms): Min: 0.9, Avg: 2.4, Max: 10.2, Diff: 9.3, Sum: 31.0]
      [Update RS (ms): Min: 0.0, Avg: 5.5, Max: 6.8, Diff: 6.8, Sum: 71.0]
         [Processed Buffers: Min: 0, Avg: 20.8, Max: 40, Diff: 40, Sum: 271]
      [Scan RS (ms): Min: 0.2, Avg: 0.3, Max: 0.5, Diff: 0.3, Sum: 4.4]
      [Code Root Scanning (ms): Min: 0.0, Avg: 0.0, Max: 0.1, Diff: 0.1, Sum: 0.2]
      [Object Copy (ms): Min: 49.3, Avg: 51.2, Max: 51.5, Diff: 2.2, Sum: 665.3]
      [Termination (ms): Min: 0.8, Avg: 0.9, Max: 1.2, Diff: 0.4, Sum: 12.0]
         [Termination Attempts: Min: 795, Avg: 844.3, Max: 949, Diff: 154, Sum: 10976]
      [GC Worker Other (ms): Min: 0.1, Avg: 0.2, Max: 0.4, Diff: 0.3, Sum: 2.7]
      [GC Worker Total (ms): Min: 60.2, Avg: 60.5, Max: 60.8, Diff: 0.7, Sum: 786.4]
      [GC Worker End (ms): Min: 410162862.3, Avg: 410162862.4, Max: 410162862.6, Diff: 0.3]
   [Code Root Fixup: 0.1 ms]
   [Code Root Purge: 0.0 ms]
   [Clear CT: 3.2 ms]
   [Other: 11.6 ms]
      [Choose CSet: 0.0 ms]
      [Ref Proc: 6.3 ms]
      [Ref Enq: 0.3 ms]
      [Redirty Cards: 0.8 ms]
      [Humongous Register: 0.4 ms]
      [Humongous Reclaim: 0.1 ms]
      [Free CSet: 2.8 ms]
   [Eden: 57792.0M(57792.0M)->0.0B(57792.0M) Survivors: 320.0M->320.0M Heap: 68360.2M(96864.0M)->10586.7M(96864.0M)]
 [Times: user=0.84 sys=0.00, real=0.08 secs] 
2021-03-30T11:44:19.688+0000: [GC pause (G1 Evacuation Pause) (young), 0.0644245 secs]
   [Parallel Time: 50.6 ms, GC Workers: 13]
      [GC Worker Start (ms): Min: 410226569.0, Avg: 410226569.4, Max: 410226569.7, Diff: 0.7]
      [Ext Root Scanning (ms): Min: 0.8, Avg: 2.3, Max: 9.2, Diff: 8.4, Sum: 29.3]
      [Update RS (ms): Min: 2.8, Avg: 9.6, Max: 11.0, Diff: 8.2, Sum: 124.2]
         [Processed Buffers: Min: 12, Avg: 32.8, Max: 50, Diff: 38, Sum: 426]
      [Scan RS (ms): Min: 0.2, Avg: 0.5, Max: 0.7, Diff: 0.5, Sum: 6.0]
      [Code Root Scanning (ms): Min: 0.0, Avg: 0.0, Max: 0.1, Diff: 0.1, Sum: 0.2]
      [Object Copy (ms): Min: 37.4, Avg: 37.5, Max: 37.7, Diff: 0.3, Sum: 487.7]
      [Termination (ms): Min: 0.0, Avg: 0.0, Max: 0.0, Diff: 0.0, Sum: 0.1]
         [Termination Attempts: Min: 1, Avg: 13.8, Max: 19, Diff: 18, Sum: 180]
      [GC Worker Other (ms): Min: 0.0, Avg: 0.2, Max: 0.4, Diff: 0.4, Sum: 2.7]
      [GC Worker Total (ms): Min: 49.5, Avg: 50.0, Max: 50.4, Diff: 0.9, Sum: 650.1]
      [GC Worker End (ms): Min: 410226619.2, Avg: 410226619.4, Max: 410226619.5, Diff: 0.4]
   [Code Root Fixup: 0.1 ms]
   [Code Root Purge: 0.0 ms]
   [Clear CT: 4.5 ms]
   [Other: 9.2 ms]
      [Choose CSet: 0.0 ms]
      [Ref Proc: 4.5 ms]
      [Ref Enq: 0.2 ms]
      [Redirty Cards: 0.9 ms]
      [Humongous Register: 0.4 ms]
      [Humongous Reclaim: 0.1 ms]
      [Free CSet: 2.4 ms]
   [Eden: 57792.0M(57792.0M)->0.0B(57792.0M) Survivors: 320.0M->320.0M Heap: 68442.7M(96864.0M)->10692.2M(96864.0M)]
 [Times: user=0.71 sys=0.00, real=0.07 secs] 
2021-03-30T11:45:18.062+0000: [GC pause (G1 Evacuation Pause) (young), 0.0744341 secs]
   [Parallel Time: 52.5 ms, GC Workers: 13]
      [GC Worker Start (ms): Min: 410284943.5, Avg: 410284943.8, Max: 410284944.1, Diff: 0.6]
      [Ext Root Scanning (ms): Min: 1.7, Avg: 3.1, Max: 11.3, Diff: 9.6, Sum: 39.7]
      [Update RS (ms): Min: 0.0, Avg: 5.9, Max: 7.3, Diff: 7.3, Sum: 77.2]
         [Processed Buffers: Min: 0, Avg: 24.6, Max: 45, Diff: 45, Sum: 320]
      [Scan RS (ms): Min: 0.2, Avg: 0.4, Max: 0.5, Diff: 0.3, Sum: 5.0]
      [Code Root Scanning (ms): Min: 0.0, Avg: 0.0, Max: 0.1, Diff: 0.1, Sum: 0.2]
      [Object Copy (ms): Min: 40.0, Avg: 42.0, Max: 42.2, Diff: 2.3, Sum: 545.4]
      [Termination (ms): Min: 0.0, Avg: 0.0, Max: 0.0, Diff: 0.0, Sum: 0.0]
         [Termination Attempts: Min: 1, Avg: 2.3, Max: 5, Diff: 4, Sum: 30]
      [GC Worker Other (ms): Min: 0.0, Avg: 0.3, Max: 0.5, Diff: 0.5, Sum: 3.5]
      [GC Worker Total (ms): Min: 51.2, Avg: 51.6, Max: 52.0, Diff: 0.8, Sum: 671.0]
      [GC Worker End (ms): Min: 410284995.2, Avg: 410284995.4, Max: 410284995.7, Diff: 0.5]
   [Code Root Fixup: 0.1 ms]
   [Code Root Purge: 0.0 ms]
   [Clear CT: 3.6 ms]
   [Other: 18.3 ms]
      [Choose CSet: 0.0 ms]
      [Ref Proc: 12.9 ms]
      [Ref Enq: 0.5 ms]
      [Redirty Cards: 0.6 ms]
      [Humongous Register: 0.5 ms]
      [Humongous Reclaim: 0.1 ms]
      [Free CSet: 2.5 ms]
   [Eden: 57792.0M(57792.0M)->0.0B(57728.0M) Survivors: 320.0M->384.0M Heap: 68484.2M(96864.0M)->10746.7M(96864.0M)]
 [Times: user=0.73 sys=0.00, real=0.08 secs] 
2021-03-30T11:46:23.037+0000: [GC pause (G1 Evacuation Pause) (young), 0.0627379 secs]
   [Parallel Time: 52.5 ms, GC Workers: 13]
      [GC Worker Start (ms): Min: 410349918.0, Avg: 410349918.2, Max: 410349918.4, Diff: 0.5]
      [Ext Root Scanning (ms): Min: 1.0, Avg: 2.3, Max: 9.5, Diff: 8.6, Sum: 30.2]
      [Update RS (ms): Min: 0.0, Avg: 5.6, Max: 6.8, Diff: 6.8, Sum: 72.5]
         [Processed Buffers: Min: 0, Avg: 17.3, Max: 44, Diff: 44, Sum: 225]
      [Scan RS (ms): Min: 0.2, Avg: 0.3, Max: 0.5, Diff: 0.3, Sum: 4.5]
      [Code Root Scanning (ms): Min: 0.0, Avg: 0.0, Max: 0.1, Diff: 0.1, Sum: 0.1]
      [Object Copy (ms): Min: 41.9, Avg: 43.2, Max: 43.6, Diff: 1.6, Sum: 562.2]
      [Termination (ms): Min: 0.0, Avg: 0.2, Max: 0.2, Diff: 0.2, Sum: 2.1]
         [Termination Attempts: Min: 1, Avg: 7.5, Max: 12, Diff: 11, Sum: 97]
      [GC Worker Other (ms): Min: 0.0, Avg: 0.2, Max: 0.4, Diff: 0.3, Sum: 2.5]
      [GC Worker Total (ms): Min: 51.6, Avg: 51.9, Max: 52.2, Diff: 0.6, Sum: 674.2]
      [GC Worker End (ms): Min: 410349969.9, Avg: 410349970.1, Max: 410349970.2, Diff: 0.3]
   [Code Root Fixup: 0.1 ms]
   [Code Root Purge: 0.0 ms]
   [Clear CT: 3.1 ms]
   [Other: 7.1 ms]
      [Choose CSet: 0.0 ms]
      [Ref Proc: 2.6 ms]
      [Ref Enq: 0.0 ms]
      [Redirty Cards: 0.6 ms]
      [Humongous Register: 0.4 ms]
      [Humongous Reclaim: 0.1 ms]
      [Free CSet: 2.5 ms]
   [Eden: 57728.0M(57728.0M)->0.0B(57792.0M) Survivors: 384.0M->320.0M Heap: 68474.7M(96864.0M)->10726.7M(96864.0M)]
 [Times: user=0.72 sys=0.00, real=0.06 secs] 
2021-03-30T11:47:21.977+0000: [Full GC (System.gc())  64977M->10243M(96864M), 27.7956812 secs]
   [Eden: 54272.0M(57792.0M)->0.0B(58112.0M) Survivors: 320.0M->0.0B Heap: 64977.7M(96864.0M)->10243.2M(96864.0M)], [Metaspace: 281865K->280525K(311296K)]
 [Times: user=32.38 sys=0.02, real=27.80 secs] 
2021-03-30T11:48:54.025+0000: [GC pause (G1 Evacuation Pause) (young), 0.0297322 secs]
   [Parallel Time: 17.8 ms, GC Workers: 13]
      [GC Worker Start (ms): Min: 410500906.2, Avg: 410500906.6, Max: 410500906.9, Diff: 0.7]
      [Ext Root Scanning (ms): Min: 0.9, Avg: 1.8, Max: 6.6, Diff: 5.7, Sum: 23.4]
      [Update RS (ms): Min: 0.3, Avg: 4.9, Max: 5.9, Diff: 5.5, Sum: 63.3]
         [Processed Buffers: Min: 9, Avg: 30.2, Max: 65, Diff: 56, Sum: 393]
      [Scan RS (ms): Min: 0.2, Avg: 0.4, Max: 0.5, Diff: 0.3, Sum: 4.8]
      [Code Root Scanning (ms): Min: 0.0, Avg: 0.0, Max: 0.0, Diff: 0.0, Sum: 0.1]
      [Object Copy (ms): Min: 9.5, Avg: 9.7, Max: 9.8, Diff: 0.4, Sum: 126.2]
      [Termination (ms): Min: 0.0, Avg: 0.0, Max: 0.0, Diff: 0.0, Sum: 0.1]
         [Termination Attempts: Min: 1, Avg: 1.0, Max: 1, Diff: 0, Sum: 13]
      [GC Worker Other (ms): Min: 0.0, Avg: 0.2, Max: 0.5, Diff: 0.4, Sum: 2.9]
      [GC Worker Total (ms): Min: 16.6, Avg: 17.0, Max: 17.4, Diff: 0.8, Sum: 220.7]
      [GC Worker End (ms): Min: 410500923.4, Avg: 410500923.6, Max: 410500923.8, Diff: 0.4]
   [Code Root Fixup: 0.0 ms]
   [Code Root Purge: 0.0 ms]
   [Clear CT: 3.5 ms]
   [Other: 8.4 ms]
      [Choose CSet: 0.0 ms]
      [Ref Proc: 2.9 ms]
      [Ref Enq: 0.1 ms]
      [Redirty Cards: 1.4 ms]
      [Humongous Register: 0.4 ms]
      [Humongous Reclaim: 0.1 ms]
      [Free CSet: 2.6 ms]
   [Eden: 58112.0M(58112.0M)->0.0B(57888.0M) Survivors: 0.0B->224.0M Heap: 68355.2M(96864.0M)->10467.2M(96864.0M)]
 [Times: user=0.27 sys=0.00, real=0.03 secs] 
2021-03-30T11:50:00.027+0000: [GC pause (G1 Evacuation Pause) (young), 0.0297574 secs]
   [Parallel Time: 18.3 ms, GC Workers: 13]
      [GC Worker Start (ms): Min: 410566909.1, Avg: 410566913.7, Max: 410566916.6, Diff: 7.5]
      [Ext Root Scanning (ms): Min: 0.0, Avg: 1.6, Max: 6.8, Diff: 6.8, Sum: 21.0]
      [Update RS (ms): Min: 1.3, Avg: 2.5, Max: 5.2, Diff: 4.0, Sum: 32.6]
         [Processed Buffers: Min: 2, Avg: 15.8, Max: 35, Diff: 33, Sum: 206]
      [Scan RS (ms): Min: 0.2, Avg: 0.4, Max: 0.5, Diff: 0.3, Sum: 5.1]
      [Code Root Scanning (ms): Min: 0.0, Avg: 0.0, Max: 0.0, Diff: 0.0, Sum: 0.1]
      [Object Copy (ms): Min: 8.5, Avg: 8.6, Max: 9.1, Diff: 0.6, Sum: 112.3]
      [Termination (ms): Min: 0.0, Avg: 0.0, Max: 0.0, Diff: 0.0, Sum: 0.0]
         [Termination Attempts: Min: 1, Avg: 1.3, Max: 3, Diff: 2, Sum: 17]
      [GC Worker Other (ms): Min: 0.0, Avg: 0.2, Max: 0.4, Diff: 0.4, Sum: 3.0]
      [GC Worker Total (ms): Min: 10.3, Avg: 13.4, Max: 17.9, Diff: 7.6, Sum: 174.0]
      [GC Worker End (ms): Min: 410566926.9, Avg: 410566927.1, Max: 410566927.3, Diff: 0.4]
   [Code Root Fixup: 0.1 ms]
   [Code Root Purge: 0.0 ms]
   [Clear CT: 3.2 ms]
   [Other: 8.1 ms]
      [Choose CSet: 0.0 ms]
      [Ref Proc: 1.4 ms]
      [Ref Enq: 0.0 ms]
      [Redirty Cards: 0.9 ms]
      [Humongous Register: 1.9 ms]
      [Humongous Reclaim: 0.1 ms]
      [Free CSet: 2.7 ms]
   [Eden: 57888.0M(57888.0M)->0.0B(58016.0M) Survivors: 224.0M->98304.0K Heap: 68355.2M(96864.0M)->10316.8M(96864.0M)]
 [Times: user=0.21 sys=0.02, real=0.03 secs] 
2021-03-30T11:50:57.884+0000: [GC pause (G1 Evacuation Pause) (young), 0.0480412 secs]
   [Parallel Time: 25.1 ms, GC Workers: 13]
      [GC Worker Start (ms): Min: 410624764.5, Avg: 410624764.8, Max: 410624765.1, Diff: 0.6]
      [Ext Root Scanning (ms): Min: 1.0, Avg: 2.0, Max: 7.2, Diff: 6.2, Sum: 25.7]
      [Update RS (ms): Min: 0.0, Avg: 4.8, Max: 5.7, Diff: 5.7, Sum: 62.9]
         [Processed Buffers: Min: 0, Avg: 22.2, Max: 39, Diff: 39, Sum: 289]
      [Scan RS (ms): Min: 0.2, Avg: 0.4, Max: 0.4, Diff: 0.3, Sum: 4.6]
      [Code Root Scanning (ms): Min: 0.0, Avg: 0.0, Max: 0.0, Diff: 0.0, Sum: 0.1]
      [Object Copy (ms): Min: 17.1, Avg: 17.2, Max: 17.3, Diff: 0.2, Sum: 223.4]
      [Termination (ms): Min: 0.0, Avg: 0.0, Max: 0.0, Diff: 0.0, Sum: 0.0]
         [Termination Attempts: Min: 1, Avg: 5.2, Max: 8, Diff: 7, Sum: 67]
      [GC Worker Other (ms): Min: 0.0, Avg: 0.2, Max: 0.3, Diff: 0.3, Sum: 2.0]
      [GC Worker Total (ms): Min: 24.2, Avg: 24.5, Max: 24.8, Diff: 0.6, Sum: 318.8]
      [GC Worker End (ms): Min: 410624789.2, Avg: 410624789.3, Max: 410624789.5, Diff: 0.3]
   [Code Root Fixup: 0.0 ms]
   [Code Root Purge: 0.0 ms]
   [Clear CT: 3.3 ms]
   [Other: 19.6 ms]
      [Choose CSet: 0.0 ms]
      [Ref Proc: 13.6 ms]
      [Ref Enq: 0.8 ms]
      [Redirty Cards: 0.9 ms]
      [Humongous Register: 0.4 ms]
      [Humongous Reclaim: 0.1 ms]
      [Free CSet: 2.8 ms]
   [Eden: 58016.0M(58016.0M)->0.0B(57952.0M) Survivors: 98304.0K->160.0M Heap: 68396.8M(96864.0M)->10441.8M(96864.0M)]
 [Times: user=0.35 sys=0.03, real=0.05 secs] 
2021-03-30T11:52:00.793+0000: [GC pause (G1 Evacuation Pause) (young), 0.0371082 secs]
   [Parallel Time: 22.8 ms, GC Workers: 13]
      [GC Worker Start (ms): Min: 410687673.7, Avg: 410687674.0, Max: 410687674.3, Diff: 0.6]
      [Ext Root Scanning (ms): Min: 0.8, Avg: 1.8, Max: 7.3, Diff: 6.4, Sum: 23.5]
      [Update RS (ms): Min: 0.0, Avg: 4.6, Max: 5.7, Diff: 5.7, Sum: 60.1]
         [Processed Buffers: Min: 0, Avg: 20.0, Max: 40, Diff: 40, Sum: 260]
      [Scan RS (ms): Min: 0.2, Avg: 0.4, Max: 0.5, Diff: 0.4, Sum: 4.9]
      [Code Root Scanning (ms): Min: 0.0, Avg: 0.0, Max: 0.0, Diff: 0.0, Sum: 0.1]
      [Object Copy (ms): Min: 14.7, Avg: 15.1, Max: 15.2, Diff: 0.4, Sum: 195.9]
      [Termination (ms): Min: 0.0, Avg: 0.0, Max: 0.0, Diff: 0.0, Sum: 0.1]
         [Termination Attempts: Min: 3, Avg: 8.1, Max: 12, Diff: 9, Sum: 105]
      [GC Worker Other (ms): Min: 0.0, Avg: 0.2, Max: 0.4, Diff: 0.3, Sum: 2.6]
      [GC Worker Total (ms): Min: 21.7, Avg: 22.1, Max: 22.5, Diff: 0.8, Sum: 287.1]
      [GC Worker End (ms): Min: 410687695.9, Avg: 410687696.1, Max: 410687696.2, Diff: 0.3]
   [Code Root Fixup: 0.1 ms]
   [Code Root Purge: 0.0 ms]
   [Clear CT: 4.3 ms]
   [Other: 9.9 ms]
      [Choose CSet: 0.0 ms]
      [Ref Proc: 3.8 ms]
      [Ref Enq: 0.1 ms]
      [Redirty Cards: 2.0 ms]
      [Humongous Register: 0.4 ms]
      [Humongous Reclaim: 0.1 ms]
      [Free CSet: 2.7 ms]
   [Eden: 57952.0M(57952.0M)->0.0B(57984.0M) Survivors: 160.0M->128.0M Heap: 68393.8M(96864.0M)->10430.7M(96864.0M)]
 [Times: user=0.32 sys=0.02, real=0.03 secs] 
CREATING JIRA TICKET!
... checkpoint A
CREATING JIRA TICKET!
... checkpoint A
CREATING JIRA TICKET!
... checkpoint A
CREATING JIRA TICKET!
... checkpoint A
2021-03-30T11:53:06.566+0000: [GC pause (G1 Evacuation Pause) (young), 0.0382557 secs]
   [Parallel Time: 25.4 ms, GC Workers: 13]
      [GC Worker Start (ms): Min: 410753446.9, Avg: 410753447.2, Max: 410753447.5, Diff: 0.6]
      [Ext Root Scanning (ms): Min: 1.1, Avg: 2.2, Max: 7.9, Diff: 6.8, Sum: 28.1]
      [Update RS (ms): Min: 0.0, Avg: 4.4, Max: 5.4, Diff: 5.4, Sum: 57.6]
         [Processed Buffers: Min: 0, Avg: 19.3, Max: 36, Diff: 36, Sum: 251]
      [Scan RS (ms): Min: 0.2, Avg: 0.4, Max: 0.5, Diff: 0.4, Sum: 4.9]
      [Code Root Scanning (ms): Min: 0.0, Avg: 0.0, Max: 0.0, Diff: 0.0, Sum: 0.1]
      [Object Copy (ms): Min: 16.7, Avg: 17.5, Max: 17.6, Diff: 1.0, Sum: 227.0]
      [Termination (ms): Min: 0.0, Avg: 0.0, Max: 0.0, Diff: 0.0, Sum: 0.0]
         [Termination Attempts: Min: 1, Avg: 2.5, Max: 4, Diff: 3, Sum: 33]
      [GC Worker Other (ms): Min: 0.0, Avg: 0.2, Max: 0.4, Diff: 0.4, Sum: 2.8]
      [GC Worker Total (ms): Min: 24.2, Avg: 24.7, Max: 25.0, Diff: 0.8, Sum: 320.5]
      [GC Worker End (ms): Min: 410753471.7, Avg: 410753471.9, Max: 410753472.0, Diff: 0.4]
   [Code Root Fixup: 0.1 ms]
   [Code Root Purge: 0.0 ms]
   [Clear CT: 3.9 ms]
   [Other: 8.9 ms]
      [Choose CSet: 0.0 ms]
      [Ref Proc: 3.8 ms]
      [Ref Enq: 0.1 ms]
      [Redirty Cards: 0.8 ms]
      [Humongous Register: 0.4 ms]
      [Humongous Reclaim: 0.1 ms]
      [Free CSet: 2.8 ms]
   [Eden: 57984.0M(57984.0M)->0.0B(57984.0M) Survivors: 128.0M->128.0M Heap: 68478.7M(96864.0M)->10485.9M(96864.0M)]
 [Times: user=0.33 sys=0.05, real=0.04 secs] 
2021-03-30T11:54:15.098+0000: [GC pause (G1 Evacuation Pause) (young), 0.0330550 secs]
   [Parallel Time: 22.8 ms, GC Workers: 13]
      [GC Worker Start (ms): Min: 410821978.6, Avg: 410821978.9, Max: 410821979.2, Diff: 0.6]
      [Ext Root Scanning (ms): Min: 1.1, Avg: 2.1, Max: 7.4, Diff: 6.3, Sum: 27.4]
      [Update RS (ms): Min: 0.0, Avg: 4.0, Max: 4.7, Diff: 4.7, Sum: 51.4]
         [Processed Buffers: Min: 0, Avg: 17.8, Max: 34, Diff: 34, Sum: 232]
      [Scan RS (ms): Min: 0.2, Avg: 0.4, Max: 0.5, Diff: 0.3, Sum: 5.2]
      [Code Root Scanning (ms): Min: 0.0, Avg: 0.0, Max: 0.0, Diff: 0.0, Sum: 0.1]
      [Object Copy (ms): Min: 14.6, Avg: 15.4, Max: 15.6, Diff: 1.0, Sum: 200.5]
      [Termination (ms): Min: 0.0, Avg: 0.0, Max: 0.0, Diff: 0.0, Sum: 0.1]
         [Termination Attempts: Min: 1, Avg: 7.4, Max: 10, Diff: 9, Sum: 96]
      [GC Worker Other (ms): Min: 0.0, Avg: 0.2, Max: 0.5, Diff: 0.4, Sum: 3.2]
      [GC Worker Total (ms): Min: 21.7, Avg: 22.1, Max: 22.4, Diff: 0.6, Sum: 287.8]
      [GC Worker End (ms): Min: 410822000.8, Avg: 410822001.0, Max: 410822001.2, Diff: 0.4]
   [Code Root Fixup: 0.0 ms]
   [Code Root Purge: 0.0 ms]
   [Clear CT: 3.6 ms]
   [Other: 6.6 ms]
      [Choose CSet: 0.0 ms]
      [Ref Proc: 2.0 ms]
      [Ref Enq: 0.0 ms]
      [Redirty Cards: 0.7 ms]
      [Humongous Register: 0.4 ms]
      [Humongous Reclaim: 0.1 ms]
      [Free CSet: 2.6 ms]
   [Eden: 57984.0M(57984.0M)->0.0B(57952.0M) Survivors: 128.0M->160.0M Heap: 68469.9M(96864.0M)->10505.7M(96864.0M)]
 [Times: user=0.31 sys=0.02, real=0.03 secs] 
2021-03-30T11:55:23.642+0000: [GC pause (G1 Evacuation Pause) (young), 0.0419803 secs]
   [Parallel Time: 27.6 ms, GC Workers: 13]
      [GC Worker Start (ms): Min: 410890522.4, Avg: 410890522.8, Max: 410890523.1, Diff: 0.7]
      [Ext Root Scanning (ms): Min: 1.1, Avg: 2.1, Max: 7.6, Diff: 6.6, Sum: 27.9]
      [Update RS (ms): Min: 0.0, Avg: 4.5, Max: 5.4, Diff: 5.4, Sum: 59.1]
         [Processed Buffers: Min: 0, Avg: 19.9, Max: 48, Diff: 48, Sum: 259]
      [Scan RS (ms): Min: 0.2, Avg: 0.4, Max: 0.5, Diff: 0.3, Sum: 4.9]
      [Code Root Scanning (ms): Min: 0.0, Avg: 0.0, Max: 0.0, Diff: 0.0, Sum: 0.1]
      [Object Copy (ms): Min: 18.3, Avg: 18.7, Max: 18.8, Diff: 0.5, Sum: 242.5]
      [Termination (ms): Min: 0.0, Avg: 0.0, Max: 0.0, Diff: 0.0, Sum: 0.0]
         [Termination Attempts: Min: 1, Avg: 2.6, Max: 6, Diff: 5, Sum: 34]
      [GC Worker Other (ms): Min: 0.0, Avg: 0.2, Max: 0.5, Diff: 0.4, Sum: 2.9]
      [GC Worker Total (ms): Min: 25.6, Avg: 25.9, Max: 26.3, Diff: 0.8, Sum: 337.3]
      [GC Worker End (ms): Min: 410890548.5, Avg: 410890548.7, Max: 410890548.9, Diff: 0.4]
   [Code Root Fixup: 0.1 ms]
   [Code Root Purge: 0.0 ms]
   [Clear CT: 4.0 ms]
   [Other: 10.3 ms]
      [Choose CSet: 0.0 ms]
      [Ref Proc: 4.7 ms]
      [Ref Enq: 0.1 ms]
      [Redirty Cards: 1.0 ms]
      [Humongous Register: 0.4 ms]
      [Humongous Reclaim: 0.1 ms]
      [Free CSet: 3.0 ms]
   [Eden: 57952.0M(57952.0M)->0.0B(57984.0M) Survivors: 160.0M->128.0M Heap: 68457.7M(96864.0M)->10498.1M(96864.0M)]
 [Times: user=0.37 sys=0.02, real=0.05 secs] 
2021-03-30T11:56:30.207+0000: [GC pause (G1 Evacuation Pause) (young), 0.0368999 secs]
   [Parallel Time: 25.5 ms, GC Workers: 13]
      [GC Worker Start (ms): Min: 410957088.4, Avg: 410957088.8, Max: 410957089.5, Diff: 1.1]
      [Ext Root Scanning (ms): Min: 0.8, Avg: 2.2, Max: 8.2, Diff: 7.4, Sum: 29.1]
      [Update RS (ms): Min: 0.0, Avg: 4.6, Max: 5.6, Diff: 5.6, Sum: 59.5]
         [Processed Buffers: Min: 0, Avg: 19.8, Max: 39, Diff: 39, Sum: 258]
      [Scan RS (ms): Min: 0.2, Avg: 0.4, Max: 0.5, Diff: 0.3, Sum: 5.2]
      [Code Root Scanning (ms): Min: 0.0, Avg: 0.0, Max: 0.0, Diff: 0.0, Sum: 0.1]
      [Object Copy (ms): Min: 16.4, Avg: 17.2, Max: 17.4, Diff: 1.0, Sum: 223.8]
      [Termination (ms): Min: 0.0, Avg: 0.0, Max: 0.0, Diff: 0.0, Sum: 0.2]
         [Termination Attempts: Min: 24, Avg: 30.6, Max: 38, Diff: 14, Sum: 398]
      [GC Worker Other (ms): Min: 0.0, Avg: 0.2, Max: 0.4, Diff: 0.4, Sum: 2.6]
      [GC Worker Total (ms): Min: 24.0, Avg: 24.7, Max: 25.1, Diff: 1.1, Sum: 320.5]
      [GC Worker End (ms): Min: 410957113.3, Avg: 410957113.5, Max: 410957113.7, Diff: 0.4]
   [Code Root Fixup: 0.0 ms]
   [Code Root Purge: 0.0 ms]
   [Clear CT: 3.5 ms]
   [Other: 7.9 ms]
      [Choose CSet: 0.0 ms]
      [Ref Proc: 3.0 ms]
      [Ref Enq: 0.1 ms]
      [Redirty Cards: 0.7 ms]
      [Humongous Register: 0.5 ms]
      [Humongous Reclaim: 0.1 ms]
      [Free CSet: 2.4 ms]
   [Eden: 57984.0M(57984.0M)->0.0B(57952.0M) Survivors: 128.0M->160.0M Heap: 68482.1M(96864.0M)->10505.8M(96864.0M)]
 [Times: user=0.37 sys=0.00, real=0.04 secs] 
2021-03-30T11:57:33.094+0000: [GC pause (G1 Evacuation Pause) (young), 0.0442886 secs]
   [Parallel Time: 30.2 ms, GC Workers: 13]
      [GC Worker Start (ms): Min: 411019974.7, Avg: 411019975.1, Max: 411019975.4, Diff: 0.7]
      [Ext Root Scanning (ms): Min: 0.8, Avg: 2.0, Max: 7.7, Diff: 6.8, Sum: 25.6]
      [Update RS (ms): Min: 0.0, Avg: 5.2, Max: 6.5, Diff: 6.5, Sum: 68.0]
         [Processed Buffers: Min: 0, Avg: 21.0, Max: 61, Diff: 61, Sum: 273]
      [Scan RS (ms): Min: 0.2, Avg: 0.4, Max: 0.5, Diff: 0.4, Sum: 5.1]
      [Code Root Scanning (ms): Min: 0.0, Avg: 0.0, Max: 0.1, Diff: 0.1, Sum: 0.1]
      [Object Copy (ms): Min: 21.4, Avg: 21.5, Max: 21.7, Diff: 0.3, Sum: 280.1]
      [Termination (ms): Min: 0.0, Avg: 0.0, Max: 0.0, Diff: 0.0, Sum: 0.0]
         [Termination Attempts: Min: 1, Avg: 1.7, Max: 3, Diff: 2, Sum: 22]
      [GC Worker Other (ms): Min: 0.0, Avg: 0.2, Max: 0.4, Diff: 0.4, Sum: 2.6]
      [GC Worker Total (ms): Min: 29.0, Avg: 29.3, Max: 29.9, Diff: 1.0, Sum: 381.5]
      [GC Worker End (ms): Min: 411020004.2, Avg: 411020004.4, Max: 411020004.6, Diff: 0.4]
   [Code Root Fixup: 0.0 ms]
   [Code Root Purge: 0.0 ms]
   [Clear CT: 4.1 ms]
   [Other: 9.9 ms]
      [Choose CSet: 0.0 ms]
      [Ref Proc: 5.0 ms]
      [Ref Enq: 0.3 ms]
      [Redirty Cards: 0.8 ms]
      [Humongous Register: 0.4 ms]
      [Humongous Reclaim: 0.1 ms]
      [Free CSet: 2.5 ms]
   [Eden: 57952.0M(57952.0M)->0.0B(57888.0M) Survivors: 160.0M->224.0M Heap: 68457.8M(96864.0M)->10590.1M(96864.0M)]
 [Times: user=0.41 sys=0.02, real=0.04 secs] 
2021-03-30T11:58:36.894+0000: [GC pause (G1 Evacuation Pause) (young), 0.0365621 secs]
   [Parallel Time: 26.2 ms, GC Workers: 13]
      [GC Worker Start (ms): Min: 411083774.4, Avg: 411083774.7, Max: 411083775.1, Diff: 0.7]
      [Ext Root Scanning (ms): Min: 1.2, Avg: 2.2, Max: 8.0, Diff: 6.8, Sum: 29.0]
      [Update RS (ms): Min: 0.0, Avg: 4.8, Max: 5.6, Diff: 5.6, Sum: 62.2]
         [Processed Buffers: Min: 0, Avg: 18.1, Max: 39, Diff: 39, Sum: 235]
      [Scan RS (ms): Min: 0.2, Avg: 0.4, Max: 0.5, Diff: 0.3, Sum: 5.3]
      [Code Root Scanning (ms): Min: 0.0, Avg: 0.0, Max: 0.0, Diff: 0.0, Sum: 0.1]
      [Object Copy (ms): Min: 17.6, Avg: 18.0, Max: 18.0, Diff: 0.5, Sum: 233.4]
      [Termination (ms): Min: 0.0, Avg: 0.0, Max: 0.0, Diff: 0.0, Sum: 0.0]
         [Termination Attempts: Min: 1, Avg: 1.7, Max: 4, Diff: 3, Sum: 22]
      [GC Worker Other (ms): Min: 0.0, Avg: 0.2, Max: 0.3, Diff: 0.3, Sum: 2.4]
      [GC Worker Total (ms): Min: 25.3, Avg: 25.6, Max: 25.9, Diff: 0.7, Sum: 332.4]
      [GC Worker End (ms): Min: 411083800.2, Avg: 411083800.3, Max: 411083800.5, Diff: 0.3]
   [Code Root Fixup: 0.0 ms]
   [Code Root Purge: 0.0 ms]
   [Clear CT: 3.5 ms]
   [Other: 6.8 ms]
      [Choose CSet: 0.0 ms]
      [Ref Proc: 1.7 ms]
      [Ref Enq: 0.0 ms]
      [Redirty Cards: 1.0 ms]
      [Humongous Register: 0.4 ms]
      [Humongous Reclaim: 0.1 ms]
      [Free CSet: 2.8 ms]
   [Eden: 57888.0M(57888.0M)->0.0B(57952.0M) Survivors: 224.0M->160.0M Heap: 68478.1M(96864.0M)->10513.7M(96864.0M)]
 [Times: user=0.38 sys=0.00, real=0.03 secs] 
2021-03-30T11:59:41.775+0000: [GC pause (G1 Evacuation Pause) (young), 0.0402231 secs]
   [Parallel Time: 28.6 ms, GC Workers: 13]
      [GC Worker Start (ms): Min: 411148655.6, Avg: 411148655.9, Max: 411148656.2, Diff: 0.6]
      [Ext Root Scanning (ms): Min: 0.9, Avg: 2.1, Max: 7.6, Diff: 6.6, Sum: 27.0]
      [Update RS (ms): Min: 0.0, Avg: 4.5, Max: 5.6, Diff: 5.6, Sum: 59.1]
         [Processed Buffers: Min: 0, Avg: 18.5, Max: 40, Diff: 40, Sum: 240]
      [Scan RS (ms): Min: 0.2, Avg: 0.4, Max: 0.5, Diff: 0.3, Sum: 4.8]
      [Code Root Scanning (ms): Min: 0.0, Avg: 0.0, Max: 0.0, Diff: 0.0, Sum: 0.1]
      [Object Copy (ms): Min: 20.2, Avg: 20.6, Max: 20.8, Diff: 0.6, Sum: 268.4]
      [Termination (ms): Min: 0.0, Avg: 0.0, Max: 0.0, Diff: 0.0, Sum: 0.1]
         [Termination Attempts: Min: 1, Avg: 1.8, Max: 3, Diff: 2, Sum: 23]
      [GC Worker Other (ms): Min: 0.0, Avg: 0.2, Max: 0.4, Diff: 0.4, Sum: 2.8]
      [GC Worker Total (ms): Min: 27.6, Avg: 27.9, Max: 28.2, Diff: 0.6, Sum: 362.4]
      [GC Worker End (ms): Min: 411148683.6, Avg: 411148683.8, Max: 411148684.0, Diff: 0.4]
   [Code Root Fixup: 0.1 ms]
   [Code Root Purge: 0.0 ms]
   [Clear CT: 3.7 ms]
   [Other: 7.8 ms]
      [Choose CSet: 0.0 ms]
      [Ref Proc: 2.7 ms]
      [Ref Enq: 0.0 ms]
      [Redirty Cards: 1.2 ms]
      [Humongous Register: 0.4 ms]
      [Humongous Reclaim: 0.2 ms]
      [Free CSet: 2.5 ms]
   [Eden: 57952.0M(57952.0M)->0.0B(57920.0M) Survivors: 160.0M->192.0M Heap: 68529.7M(96864.0M)->10615.5M(96864.0M)]
 [Times: user=0.41 sys=0.00, real=0.04 secs] 
